Optimizing Linkage Editor (V.9.05.01.000)         29-Apr-2013 19:09:14

*** Options ***

-subcommand=C:\DDS\vsd\vsd\vsd\release\vsd.hlk
-noprelink
-nodebug
-nomessage
-list="C:\DDS\vsd\vsd\vsd\release\vsd.map"
-optimize=safe
-start=P,C,D,B/0F780,S/0FED6
-nologo
-input="C:\DDS\vsd\vsd\vsd\release\main.obj"
-input="C:\DDS\vsd\vsd\vsd\release\rom_entry.obj"
-library="C:\DDS\vsd\vsd\vsd\release\vsd.lib"
-output="C:\DDS\vsd\vsd\vsd\release\vsd.abs"
-end

*** Error information ***

** L1100 (W) Cannot find "D" specified in option "start"

*** Mapping List ***

SECTION                            START      END         SIZE   ALIGN

$VECT0
                                  00000000  00000001         2   2
P
                                  0000f780  0000fa17       298   2
C
                                  0000fa18  0000fa57        40   2
B
                                  0000fa58  0000fa59         2   2
S
                                  0000fed6  0000fed6         0   2
