Optimizing Linkage Editor (V.9.00.02.000)         14-Aug-2010 10:28:45

*** Options ***

-subcommand=G:\DDS\vsd\vsd\300thew3\monitor\monitor.sub
INPUT	NORMAL,MONITOR,sci,main,int_handler
LIST	MONITOR.MAP
SHOW	SYMBOL
OUTPUT	MONITOR.MOT
FORM	STYPE
NOOPTIMIZE
LIBRARY	NORMAL,3664
LIBRARY	MONITOR
DEFINE	$BRR=C
DEFINE	$STACK=FEF4
ROM	D=R
START	VECTOR:USER/0,ROM,C,D/100,BPAD_MON,RAM:BPAD_C,S,B,R,RAM_VectorTblPtr/F780,SCI/FFA8

*** Error information ***

** L1321 (W) Entry symbol "INT000" in "NORMAL.obj" conflicts
** L1321 (W) Entry symbol "_main" in "main.obj" conflicts
** L1120 (W) Section address is not assigned to "C$BSEC"
** L1120 (W) Section address is not assigned to "C$DSEC"

*** Mapping List ***

SECTION                            START      END         SIZE   ALIGN

VECTOR
                                  00000000  0000003f        40   2
USER
                                  00000000  00000000         0   2
ROM
                                  00000100  00004037      3f38   2
C
                                  00004038  00004446       40f   2
D
                                  00004448  0000444f         8   2
BPAD_MON
                                  0000f780  0000fef3       774   2
RAM
                                  0000fef4  0000ff7f        8c   2
BPAD_C
                                  0000f780  0000fed5       756   2
S
                                  0000fed6  0000fed6         0   2
B
                                  0000fed6  0000ff74        9f   2
R
                                  0000ff76  0000ff7d         8   2
RAM_VectorTblPtr
                                  0000ff7e  0000ff7f         2   2
SCI
                                  0000ffa8  0000ffad         6   2
C$BSEC
                                  0000ffae  0000ffae         0   2
C$DSEC
                                  0000ffae  0000ffae         0   2

*** Symbol List ***

SECTION=
FILE=                               START        END    SIZE
  SYMBOL                            ADDR        SIZE    INFO      COUNTS  OPT

SECTION=VECTOR
FILE=INT_MSG
                                  00000000  0000003f        40
  LARGE_VECTOR
                                  00000000         0   none ,g         * 

SECTION=USER
FILE=LARGE_AREA
                                  00000000  00000000         0
  LARGE_AREA
                                  00000000         0   none ,g         * 

SECTION=ROM
FILE=NORMAL.obj
                                  00000100  000001cb        cc
  INT000
                                  00000100         0   entry,g         * 
  MAIN
                                  00000146         0   none ,g         * 
  WAIT_MSG
                                  0000018c         0   none ,l         * 
  COM_NAME
                                  00000190         0   none ,g         * 
  COM_TBL
                                  000001ae         0   none ,l         * 
FILE=MONITOR.obj
                                  000001cc  00000205        3a
  _INITIALIZE
                                  000001cc        3a   func ,g         * 
FILE=sci.obj
                                  00000206  0000041f       21a
  _sci_flush_rx
                                  00000206         c   func ,g         * 
  _sci_flush_tx
                                  00000212         c   func ,g         * 
  _sci_wait_tx_empty
                                  0000021e         6   func ,g         * 
  _sci_wait_rx_full
                                  00000224        18   func ,g         * 
  _msecwait
                                  0000023c        36   func ,g         * 
  _sci_init
                                  00000272        4a   func ,g         * 
  _sci_read
                                  000002bc        66   func ,g         * 
  _sci_write
                                  00000322        82   func ,g         * 
  _sci_int_handler
                                  000003a4        7c   func ,g         * 
FILE=main.obj
                                  00000420  00003563      3144
  _PrintLED4
                                  00000420        56   func ,g         * 
  _PrintLED
                                  00000476        4a   func ,g         * 
  _GetTimerW32
                                  000004c0        1c   func ,g         * 
  _int_timer_a
                                  000004dc        5a   func ,g         * 
  _GetRTC
                                  00000536        2e   func ,g         * 
  _int_timer_w
                                  00000564        14   func ,g         * 
  _int_irq0
                                  00000578        6e   func ,g         * 
  _int_wkp
                                  000005e6        7e   func ,g         * 
  _int_irq1
                                  00000664        d0   func ,g         * 
  _int_irq2
                                  00000734        3c   func ,g         * 
  _int_irq3
                                  00000770        b8   func ,g         * 
  _INT_SCI3
                                  00000828        18   func ,g         * 
  _int_timer_v_IR
                                  00000840        22   func ,g         * 
  _GoMonitor
                                  00000862        12   func ,g         * 
  _SetBeep
                                  00000874        52   func ,g         * 
  _ComputeMeterTacho
                                  000008c6        a2   func ,g         * 
  _ComputeMeterSpeed
                                  00000968       150   func ,g         * 
  _ComputeGear
                                  00000ab8       16c   func ,g         * 
  _ComputeGear2
                                  00000c24        22   func ,g         * 
  _ComputeMeter
                                  00000c46       20c   func ,g         * 
  _DoAnimation
                                  00000e52        72   func ,g         * 
  _DispLEDMsg
                                  00000ec4        90   func ,g         * 
  _DispLEDMsgPC
                                  00000f54        8c   func ,g         * 
  _DispLEDAnimePC
                                  00000fe0        68   func ,g         * 
  _DispMsgStart
                                  00001048        22   func ,g         * 
  _DispAnimeStart
                                  0000106a        20   func ,g         * 
  _PrintLEDStr
                                  0000108a        4e   func ,g         * 
  _DispLED
                                  000010d8       25a   func ,g         * 
  _DispLED_Carib
                                  00001332       2de   func ,g         * 
  _LED_Driver
                                  00001610        e0   func ,g         * 
  _Print
                                  000016f0        22   func ,g         * 
  _Print_ud
                                  00001712        68   func ,g         * 
  _Print_ItoA
                                  0000177a        60   func ,g         * 
  _SerialPack
                                  000017da        54   func ,g         * 
  _ItoA128
                                  0000182e        50   func ,g         * 
  _OutputSerial
                                  0000187e       282   func ,g         * 
  _DoInputSerial
                                  00001b00       29e   func ,g         * 
  _ScanPushSW
                                  00001d9e        7a   func ,g         * 
  _ProcessPushSW
                                  00001e18       6da   func ,g         * 
  _ProcessAutoMode
                                  000024f2        72   func ,g         * 
  _CheckStartByGSensor
                                  00002564        b2   func ,g         * 
  _SetupHW
                                  00002616        a4   func ,g         * 
  _InitMain
                                  000026ba        d0   func ,g         * 
  _bzero
                                  0000278a        18   func ,g         * 
  _InitSector
                                  000027a2        10   func ,g         * 
  _ProcessUIO
                                  000027b2       bb4   func ,g         * 
  _WaitStateChange
                                  00003366       18c   func ,g         * 
  _IR_Flasher
                                  000034f2        3a   func ,g         * 
  _main
                                  0000352c        38   func ,g         * 
FILE=int_handler.obj
                                  00003564  00003583        20
  SYSTEM_HDL
                                  00003564         0   none ,g         * 
FILE=OUT_CRLF
                                  00003584  00003593        10
  OUT_CRLF
                                  00003584         0   none ,g         * 
FILE=OUT_STRING
                                  00003594  0000359f         c
  OUT_STRING
                                  00003594         0   none ,g         * 
FILE=IN_STRING
                                  000035a0  00003613        74
  IN_STRING
                                  000035a0         0   none ,g         * 
  BS_MSG
                                  00003610         0   none ,l         * 
FILE=ERR
                                  00003614  00003770       15d
  ERR
                                  00003614         0   none ,g         * 
  ERR00
                                  00003616         0   none ,g         * 
  ERR01
                                  0000361a         0   none ,g         * 
  ERR02
                                  0000361e         0   none ,g         * 
  ERR03
                                  00003622         0   none ,g         * 
  ERR04
                                  00003626         0   none ,g         * 
  ERR05
                                  0000362a         0   none ,g         * 
  ERR06
                                  0000362e         0   none ,g         * 
  ERR07
                                  00003632         0   none ,g         * 
  ERR08
                                  00003636         0   none ,g         * 
  ERR09
                                  0000363a         0   none ,g         * 
  ERR10
                                  0000363e         0   none ,g         * 
  ERR11
                                  00003642         0   none ,g         * 
  ERR_MSG
                                  00003682         0   none ,l         * 
  ERR00_MSG
                                  0000368f         0   none ,l         * 
  ERR01_MSG
                                  0000369f         0   none ,l         * 
  ERR02_MSG
                                  000036af         0   none ,l         * 
  ERR03_MSG
                                  000036c1         0   none ,l         * 
  ERR04_MSG
                                  000036d7         0   none ,l         * 
  ERR05_MSG
                                  000036eb         0   none ,l         * 
  ERR06_MSG
                                  00003700         0   none ,l         * 
  ERR07_MSG
                                  00003710         0   none ,l         * 
  ERR08_MSG
                                  00003724         0   none ,l         * 
  ERR09_MSG
                                  00003738         0   none ,l         * 
  ERR10_MSG
                                  0000374d         0   none ,l         * 
  ERR11_MSG
                                  00003761         0   none ,l         * 
FILE=TBL_ANA
                                  00003772  000037c1        50
  TBL_ANA
                                  00003772         0   none ,g         * 
FILE=COM_SPLIT
                                  000037c2  00003889        c8
  COM_SPLIT
                                  000037c2         0   none ,g         * 
  SPTB_CHK
                                  0000384e         0   none ,g         * 
  SPL_CHK
                                  0000385e         0   none ,l         * 
  LOW_CHK
                                  0000386e         0   none ,g         * 
  ANA_BUF_ADR
                                  0000387e         0   none ,l         * 
FILE=A_COM
                                  0000388a  0000388d         4
  A_COM
                                  0000388a         0   none ,g         * 
FILE=B_COM
                                  0000388e  0000389f        12
  B_COM
                                  0000388e         0   none ,g         * 
  B_COM_INIT
                                  00003892         0   none ,g         * 
  BREAK_CHK
                                  00003894         0   none ,g         * 
  B_SUB_COM
                                  00003894         0   none ,g         * 
  BREAK_SET
                                  00003898         0   none ,g         * 
  BREAK_CLR
                                  0000389e         0   none ,g         * 
FILE=D_COM
                                  000038a0  000038a3         4
  D_COM
                                  000038a0         0   none ,g         * 
  D_ANA_SUB
                                  000038a4         0   none ,g         * 
  D_COM_SUB
                                  000038a4         0   none ,g         * 
FILE=DA_COM
                                  000038a4  000038a9         6
  DA_COM
                                  000038a4         0   none ,g         * 
  DA_SUB_COM
                                  000038a8         0   none ,g         * 
  DA_COM_SUB
                                  000038a8         0   none ,g         * 
FILE=F_COM
                                  000038aa  000038ad         4
  F_COM
                                  000038aa         0   none ,g         * 
FILE=G_COM
                                  000038ae  00003917        6a
  G_COM
                                  000038ae         0   none ,g         * 
  G_COM_SUB
                                  000038dc         0   none ,g         * 
  SET_MOD
                                  00003916         0   none ,l         * 
FILE=H8_COM
                                  00003918  0000391b         4
  H8_COM
                                  00003918         0   none ,g         * 
FILE=L_COM
                                  0000391c  00003a91       176
  L_COM
                                  0000391c         0   none ,g         * 
  L_COM_SUB
                                  00003968         0   none ,l         * 
  S0
                                  000039f4         0   none ,l         * 
  S1
                                  00003a06         0   none ,l         * 
  S9
                                  00003a36         0   none ,l         * 
  L_MOD
                                  00003a46         0   none ,l         * 
  L_IOB
                                  00003a5a         0   none ,l         * 
  L_MSG
                                  00003a7a         0   none ,l         * 
FILE=M_COM
                                  00003a92  00003a95         4
  M_COM
                                  00003a92         0   none ,g         * 
FILE=R_COM
                                  00003a96  00003abd        28
  R_COM
                                  00003a96         0   none ,g         * 
  R_COM_INIT
                                  00003a9a         0   none ,g         * 
  R_SUB_COM
                                  00003abc         0   none ,g         * 
FILE=S_COM
                                  00003abe  00003ac1         4
  S_COM
                                  00003abe         0   none ,g         * 
  S_SUB_COM
                                  00003ac2         0   none ,g         * 
  S_COM_SUB
                                  00003ac2         0   none ,g         * 
FILE=REG_COM
                                  00003ac2  00003ac5         4
  REG_COM
                                  00003ac2         0   none ,g         * 
FILE=HELP_COM
                                  00003ac6  00003ac9         4
  HELP_COM_SUB
                                  00003ac6         0   none ,g         * 
  HELP_COM
                                  00003ac6         0   none ,g         * 
FILE=RET_COM
                                  00003aca  00003ad5         c
  RET_COM
                                  00003aca         0   none ,g         * 
  RET_COM_SUB
                                  00003ace         0   none ,g         * 
FILE=BACK_COM
                                  00003ad6  00003adb         6
  BACK_COM
                                  00003ad6         0   none ,g         * 
  BACK_COM_INIT
                                  00003ada         0   none ,g         * 
  BACK_COM_SUB
                                  00003ada         0   none ,g         * 
FILE=SWAPV
                                  00003adc  00003aed        12
  VECTOR_INIT
                                  00003adc         0   none ,g         * 
  VECTOR_SET
                                  00003aec         0   none ,g         * 
  VECTOR_CLR
                                  00003aec         0   none ,g         * 
FILE=INIT
                                  00003aee  00003b60        73
  INIT
                                  00003aee         0   none ,g         * 
  OPEN_MSG
                                  00003b06         0   none ,g         * 
FILE=INT_MSG
                                  00003b62  00003cb3       152
  VECTOR_TBL
                                  00003b62         0   none ,g         * 
  INT001
                                  00003b64         0   none ,g         * 
  INT002
                                  00003b68         0   none ,l         * 
  INT003
                                  00003b6c         0   none ,l         * 
  INT004
                                  00003b70         0   none ,l         * 
  INT005
                                  00003b74         0   none ,l         * 
  INT006
                                  00003b78         0   none ,l         * 
  INT007
                                  00003b7c         0   none ,l         * 
  INT008
                                  00003b80         0   none ,l         * 
  INT009
                                  00003b84         0   none ,l         * 
  INT010
                                  00003b88         0   none ,l         * 
  INT011
                                  00003b8c         0   none ,l         * 
  INT012
                                  00003b90         0   none ,l         * 
  INT013
                                  00003b94         0   none ,l         * 
  INT014
                                  00003b98         0   none ,l         * 
  INT015
                                  00003b9c         0   none ,l         * 
  INT016
                                  00003ba0         0   none ,l         * 
  INT017
                                  00003ba4         0   none ,l         * 
  INT018
                                  00003ba8         0   none ,l         * 
  INT019
                                  00003bac         0   none ,l         * 
  INT020
                                  00003bb0         0   none ,l         * 
  INT021
                                  00003bb4         0   none ,l         * 
  INT022
                                  00003bb8         0   none ,l         * 
  INT023
                                  00003bbc         0   none ,l         * 
  INT024
                                  00003bc0         0   none ,l         * 
  INT025
                                  00003bc4         0   none ,l         * 
  INT026
                                  00003bc8         0   none ,l         * 
  INT027
                                  00003bcc         0   none ,l         * 
  INT028
                                  00003bd0         0   none ,l         * 
  INT029
                                  00003bd4         0   none ,l         * 
  INT030
                                  00003bd8         0   none ,l         * 
  INT031
                                  00003bdc         0   none ,l         * 
  MEM_CHK
                                  00003be0         0   none ,g         * 
  INT_CHK
                                  00003be4         0   none ,g         * 
  INT_MSG
                                  00003be8         0   none ,g         * 
FILE=divl3
                                  00003cb4  00003cd9        26
  $DIVL$3
                                  00003cb4         0   none ,g         * 
  
                                  00003cbe         0   none ,l         * 
  
                                  00003cc6         0   none ,l         * 
  
                                  00003cd0         0   none ,l         * 
  
                                  00003cd6         0   none ,l         * 
FILE=divul3
                                  00003cda  00003d15        3c
  $DIVUL$3
                                  00003cda         0   none ,g         * 
  
                                  00003cf2         0   none ,l         * 
  
                                  00003cfc         0   none ,l         * 
  
                                  00003d06         0   none ,l         * 
  
                                  00003d10         0   none ,l         * 
FILE=mull3
                                  00003d16  00003d35        20
  $MULL$3
                                  00003d16         0   none ,g         * 
FILE=_initsct
                                  00003d36  00003d83        4e
  __INITSCT
                                  00003d36         0   none ,g         * 
  
                                  00003d4a         0   none ,l         * 
  
                                  00003d50         0   none ,l         * 
  
                                  00003d52         0   none ,l         * 
  
                                  00003d56         0   none ,l         * 
  
                                  00003d64         0   none ,l         * 
  
                                  00003d6c         0   none ,l         * 
  
                                  00003d72         0   none ,l         * 
  
                                  00003d76         0   none ,l         * 
FILE=OUT_CHAR
                                  00003d84  00003d97        14
  OUT_CHAR
                                  00003d84         0   none ,g         * 
FILE=OUT_VALUE
                                  00003d98  00003da5         e
  OUT_VALUE
                                  00003d98         0   none ,g         * 
FILE=BIN_ASC_4
                                  00003da6  00003dab         6
  BIN_ASC_4
                                  00003da6         0   none ,g         * 
FILE=IN_CHAR
                                  00003dac  00003de1        36
  IN_CHAR
                                  00003dac         0   none ,g         * 
FILE=IN_SCHAR
                                  00003de2  00003e03        22
  IN_SCHAR
                                  00003de2         0   none ,g         * 
FILE=ASC_BCD_2
                                  00003e04  00003e1d        1a
  ASC_BCD_2
                                  00003e04         0   none ,g         * 
  BCD_CHK
                                  00003e0e         0   none ,g         * 
FILE=ASC_BIN_4
                                  00003e1e  00003e27         a
  ASC_BIN_4
                                  00003e1e         0   none ,g         * 
FILE=TBL_CHK
                                  00003e28  00003e45        1e
  TBL_CHK
                                  00003e28         0   none ,g         * 
FILE=BREAK
                                  00003e46  00003e49         4
  INT02
                                  00003e46         0   none ,g         * 
FILE=TRACE
                                  00003e4a  00003e4d         4
  INT01
                                  00003e4a         0   none ,g         * 
FILE=TRACEA
                                  00003e4e  00003e4f         2
  TRACE_SET
                                  00003e4e         0   none ,g         * 
  TRACE_CLR
                                  00003e4e         0   none ,g         * 
FILE=ABORT
                                  00003e50  00003eb1        62
  INT07
                                  00003e50         0   none ,g         * 
  ABORT_MSG
                                  00003ea6         0   none ,l         * 
FILE=OUT_2SP
                                  00003eb2  00003ebb         a
  OUT_2SP
                                  00003eb2         0   none ,g         * 
FILE=BIN_ASC
                                  00003ebc  00003ee3        28
  BIN_ASC
                                  00003ebc         0   none ,g         * 
FILE=ASC_BIN
                                  00003ee4  00003f23        40
  ASC_BIN
                                  00003ee4         0   none ,g         * 
  ASC_CHK
                                  00003f14         0   none ,g         * 
FILE=UNDEF_HDL
                                  00003f24  00004030       10d
  UNDEF_HDL
                                  00003f24         0   none ,g         * 
  UNDEF_MOD
                                  00003f88         0   none ,g         * 
  UNDEF_ROU
                                  00003fae         0   none ,g         * 
  OUT_MEM
                                  00003fd2         0   none ,l         * 
  OUT_INT
                                  00003fec         0   none ,g         * 
  CLR_MOD
                                  00004012         0   none ,l         * 
  OUT_MOD
                                  00004016         0   none ,l         * 
  MEM_MSG
                                  00004018         0   none ,l         * 
FILE=BIN_ASC_2
                                  00004032  00004037         6
  BIN_ASC_2
                                  00004032         0   none ,g         * 

SECTION=C
FILE=main.obj
                                  00004038  00004446       40f
  _g_uTachoBar
                                  000042cc         a   data ,g         * 
  _VectorTable
                                  000042d6        40   data ,g         * 
  _g_cFont
                                  00004316         a   data ,g         * 
  _g_cFontR
                                  00004320         a   data ,g         * 
  _g_szMsgReadyToGo
                                  0000432a         c   data ,g         * 
  _g_szMsgTacho
                                  00004336         5   data ,g         * 
  _g_szMsgSpeed
                                  0000433b         4   data ,g         * 
  _g_szMsgWaterTemp
                                  0000433f         6   data ,g         * 
  _g_szMsgIRCnt
                                  00004345         3   data ,g         * 
  _g_szMsgFuel
                                  00004348         5   data ,g         * 
  _g_szMsgMileage
                                  0000434d         5   data ,g         * 
  _g_szMsgCalibrate
                                  00004352         a   data ,g         * 
  _g_szMsgOpening
                                  0000435c        2a   data ,g         * 
  _g_LEDAnimeOpening
                                  00004386        3d   data ,g         * 
  _g_cLEDFont
                                  000043c3        65   data ,g         * 

SECTION=D
FILE=main.obj
                                  00004448  0000444f         8

SECTION=BPAD_MON
FILE=int_handler.obj
                                  0000f780  0000fef3       774

SECTION=RAM
FILE=NORMAL.obj
                                  0000fef4  0000ff21        2e
  STACK
                                  0000fefe         0   none ,g         * 
FILE=IN_STRING
                                  0000ff22  0000ff7d        5c
  COM_BUF
                                  0000ff22         0   none ,g         * 
  ANA_BUF
                                  0000ff42         0   none ,g         * 
FILE=RET_COM
                                  0000ff7e  0000ff7f         2
  RET_TBL
                                  0000ff7e         0   none ,g         * 

SECTION=BPAD_C
FILE=int_handler.obj
                                  0000f780  0000fed5       756

SECTION=B
FILE=sci.obj
                                  0000fed6  0000ff2b        56
  _error_handler
                                  0000fed6         2   data ,g         * 
  __$rx_buffer
                                  0000fed8        20   data ,l         * 
  __$tx_buffer
                                  0000fef8        30   data ,l         * 
  _rx_idx_head
                                  0000ff28         1   data ,g         * 
  _rx_idx_tail
                                  0000ff29         1   data ,g         * 
  _tx_idx_head
                                  0000ff2a         1   data ,g         * 
  _tx_idx_tail
                                  0000ff2b         1   data ,g         * 
FILE=main.obj
                                  0000ff2c  0000ff74        49
  _g_Tacho
                                  0000ff2c         c   data ,g         * 
  _g_Speed
                                  0000ff38         c   data ,g         * 
  _g_IR
                                  0000ff44         c   data ,g         * 
  _g_lParam
                                  0000ff50         4   data ,g         * 
  _g_uTimerWovf
                                  0000ff54         2   data ,g         * 
  _g_uRemainedMillage
                                  0000ff56         2   data ,g         * 
  _g_uStartGTh
                                  0000ff58         2   data ,g         * 
  _g_uMileage
                                  0000ff5a         2   data ,g         * 
  _g_uDispNext
                                  0000ff5c         2   data ,g         * 
  _g_uRTC
                                  0000ff5e         2   data ,g         * 
  _g_uPrevTW
                                  0000ff60         2   data ,g         * 
  _g_uHz
                                  0000ff62         2   data ,g         * 
  _g_szLEDMsg
                                  0000ff64         2   data ,g         * 
  _g_DispVal
                                  0000ff66         6   data ,g         * 
  _g_Flags
                                  0000ff6c         3   data ,g         * 
  _g_PushSW
                                  0000ff6f         3   data ,g         * 
  _g_cLEDBar
                                  0000ff72         1   data ,g         * 
  _g_cAutoModeTimer
                                  0000ff73         1   data ,g         * 
  _g_uVideoCaribCnt
                                  0000ff74         1   data ,g         * 

SECTION=R
FILE=main.obj
                                  0000ff76  0000ff7d         8
  _g_VRAM
                                  0000ff76         4   data ,g         * 
  __$uCntPrev$155
                                  0000ff7a         2   data ,l         * 
  _g_uSpeedCalcConst
                                  0000ff7c         2   data ,g         * 

SECTION=RAM_VectorTblPtr
FILE=int_handler.obj
                                  0000ff7e  0000ff7f         2
  _VectorTblPtr
                                  0000ff7e         0   none ,g         * 

SECTION=SCI
FILE=INIT
                                  0000ffa8  0000ffad         6
  SMR
                                  0000ffa8         0   none ,l         * 
  BRR
                                  0000ffa9         0   none ,l         * 
  SCR
                                  0000ffaa         0   none ,l         * 
  TDR
                                  0000ffab         0   none ,g         * 
  SSR
                                  0000ffac         0   none ,g         * 
  RDR
                                  0000ffad         0   none ,g         * 

Absolute value symbols
FILE=R_COM
  $STACK
                                  0000fef4         0   none ,g         * 
FILE=INIT
  PMR1
                                  0000ffe0         0   none ,l         * 
  $BRR
                                  0000000c         0   none ,g         * 
  INTERNAL_BGN
                                  00000000         0   none ,g         * 
  INTERNAL_END
                                  00000000         0   none ,g         * 
  INTERNAL
                                  0000ff80         0   none ,g         * 
FILE=LOWER
  _sml_buf
                                  00000000         0   none ,g         * 
  __iob
                                  00000000         0   none ,g         * 
  _BUF
                                  00000000         0   none ,g         * 
FILE=L_BUF
  L_BUF
                                  00000000         0   none ,g         * 

*** Delete Symbols ***

SYMBOL                                SIZE    INFO

*** Variable Accessible with Abs8 ***

SYMBOL                                SIZE    COUNTS  OPTIMIZE

_rx_idx_head
                                         1         * 
_rx_idx_tail
                                         1         * 
_tx_idx_head
                                         1         * 
_tx_idx_tail
                                         1         * 
_g_Flags
                                         3         * 
_g_PushSW
                                         3         * 
_g_cLEDBar
                                         1         * 
_g_cAutoModeTimer
                                         1         * 
_g_uVideoCaribCnt
                                         1         * 

*** Variable Accessible with Abs16 ***

SYMBOL                                SIZE    COUNTS  OPTIMIZE

*** Function Call ***

SYMBOL                              COUNTS  OPTIMIZE

_sci_init
                                         * 
_sci_read
                                         * 
_sci_write
                                         * 
_sci_int_handler
                                         * 
_SetBeep
                                         * 
_ComputeGear
                                         * 
_ComputeMeter
                                         * 
_DispMsgStart
                                         * 
_DispLED_Carib
                                         * 
_Print
                                         * 
_ProcessAutoMode
                                         * 
_CheckStartByGSensor
                                         * 
_InitMain
                                         * 
_ProcessUIO
                                         * 
_WaitStateChange
                                         * 
_main
                                         * 
