Optimizing Linkage Editor (V.9.00.02.000)         11-Sep-2009 17:30:41

*** Options ***

-subcommand=G:\DDS\vsd\vsd\300thew3\monitor\monitor.sub
INPUT	NORMAL,MONITOR,sci,main,int_handler
LIST	MONITOR.MAP
SHOW	SYMBOL
OUTPUT	MONITOR.MOT
FORM	STYPE
NOOPTIMIZE
LIBRARY	NORMAL,3664
LIBRARY	MONITOR
DEFINE	$BRR=C
DEFINE	$STACK=FEF4
ROM	D=R
START	VECTOR:USER/0,ROM,C,D/100,BPAD_MON,RAM:BPAD_C,S,B,R,RAM_VectorTblPtr/F780,SCI/FFA8

*** Error information ***

** L1321 (W) Entry symbol "INT000" in "NORMAL.obj" conflicts
** L1321 (W) Entry symbol "_main" in "main.obj" conflicts
** L1120 (W) Section address is not assigned to "C$BSEC"
** L1120 (W) Section address is not assigned to "C$DSEC"

*** Mapping List ***

SECTION                            START      END         SIZE   ALIGN

VECTOR
                                  00000000  0000003f        40   2
USER
                                  00000000  00000000         0   2
ROM
                                  00000100  0000412f      4030   2
C
                                  00004130  000042ce       19f   2
D
                                  000042d0  000042d7         8   2
BPAD_MON
                                  0000f780  0000fef3       774   2
RAM
                                  0000fef4  0000ff7f        8c   2
BPAD_C
                                  0000f780  0000fed5       756   2
S
                                  0000fed6  0000fed6         0   2
B
                                  0000fed6  0000ff74        9f   2
R
                                  0000ff76  0000ff7d         8   2
RAM_VectorTblPtr
                                  0000ff7e  0000ff7f         2   2
SCI
                                  0000ffa8  0000ffad         6   2
C$BSEC
                                  0000ffae  0000ffae         0   2
C$DSEC
                                  0000ffae  0000ffae         0   2

*** Symbol List ***

SECTION=
FILE=                               START        END    SIZE
  SYMBOL                            ADDR        SIZE    INFO      COUNTS  OPT

SECTION=VECTOR
FILE=INT_MSG
                                  00000000  0000003f        40
  LARGE_VECTOR
                                  00000000         0   none ,g         * 

SECTION=USER
FILE=LARGE_AREA
                                  00000000  00000000         0
  LARGE_AREA
                                  00000000         0   none ,g         * 

SECTION=ROM
FILE=NORMAL.obj
                                  00000100  000001cb        cc
  INT000
                                  00000100         0   entry,g         * 
  MAIN
                                  00000146         0   none ,g         * 
  WAIT_MSG
                                  0000018c         0   none ,l         * 
  COM_NAME
                                  00000190         0   none ,g         * 
  COM_TBL
                                  000001ae         0   none ,l         * 
FILE=MONITOR.obj
                                  000001cc  00000205        3a
  _INITIALIZE
                                  000001cc        3a   func ,g         * 
FILE=sci.obj
                                  00000206  00000451       24c
  _sci_flush_rx
                                  00000206         c   func ,g         * 
  _sci_flush_tx
                                  00000212         c   func ,g         * 
  _sci_wait_tx_empty
                                  0000021e         6   func ,g         * 
  _sci_wait_rx_full
                                  00000224        18   func ,g         * 
  _msecwait
                                  0000023c        36   func ,g         * 
  _sci_init
                                  00000272        52   func ,g         * 
  _sci_read
                                  000002c4        66   func ,g         * 
  _sci_write
                                  0000032a        82   func ,g         * 
  _sci_int_handler
                                  000003ac        a6   func ,g         * 
FILE=main.obj
                                  00000452  0000365b      320a
  _PrintLED4
                                  00000452        56   func ,g         * 
  _PrintLED
                                  000004a8        4a   func ,g         * 
  _GetTimerW32
                                  000004f2        1c   func ,g         * 
  _int_timer_a
                                  0000050e        5a   func ,g         * 
  _GetRTC
                                  00000568        2e   func ,g         * 
  _int_timer_w
                                  00000596        14   func ,g         * 
  _int_irq0
                                  000005aa        6e   func ,g         * 
  _int_wkp
                                  00000618        7e   func ,g         * 
  _int_irq1
                                  00000696        d0   func ,g         * 
  _int_irq2
                                  00000766        3c   func ,g         * 
  _int_irq3
                                  000007a2        b8   func ,g         * 
  _INT_SCI3
                                  0000085a        18   func ,g         * 
  _int_timer_v_IR
                                  00000872        22   func ,g         * 
  _GoMonitor
                                  00000894        12   func ,g         * 
  _SetBeep
                                  000008a6        52   func ,g         * 
  _ComputeMeterTacho
                                  000008f8        a2   func ,g         * 
  _ComputeMeterSpeed
                                  0000099a       150   func ,g         * 
  _ComputeGear
                                  00000aea       16c   func ,g         * 
  _ComputeGear2
                                  00000c56        22   func ,g         * 
  _ComputeMeter
                                  00000c78       20c   func ,g         * 
  _DoAnimation
                                  00000e84        72   func ,g         * 
  _DispLEDMsg
                                  00000ef6        90   func ,g         * 
  _DispLEDMsgPC
                                  00000f86        8c   func ,g         * 
  _DispLEDAnimePC
                                  00001012        68   func ,g         * 
  _DispMsgStart
                                  0000107a        22   func ,g         * 
  _DispAnimeStart
                                  0000109c        20   func ,g         * 
  _PrintLEDStr
                                  000010bc        4e   func ,g         * 
  _DispLED
                                  0000110a       25a   func ,g         * 
  _DispLED_Carib
                                  00001364       2de   func ,g         * 
  _LED_Driver
                                  00001642        e0   func ,g         * 
  _Print
                                  00001722        22   func ,g         * 
  _Print_ud
                                  00001744        68   func ,g         * 
  _Print_ItoA
                                  000017ac        60   func ,g         * 
  _SerialPack
                                  0000180c        54   func ,g         * 
  _ItoA128
                                  00001860        50   func ,g         * 
  _OutputSerial
                                  000018b0       282   func ,g         * 
  _DoInputSerial
                                  00001b32       2d2   func ,g         * 
  _ScanPushSW
                                  00001e04        7a   func ,g         * 
  _ProcessPushSW
                                  00001e7e       71a   func ,g         * 
  _ProcessAutoMode
                                  00002598        72   func ,g         * 
  _CheckStartByGSensor
                                  0000260a        b2   func ,g         * 
  _SetupHW
                                  000026bc        a4   func ,g         * 
  _InitMain
                                  00002760        d0   func ,g         * 
  _bzero
                                  00002830        18   func ,g         * 
  _InitSector
                                  00002848        10   func ,g         * 
  _ProcessUIO
                                  00002858       c06   func ,g         * 
  _WaitStateChange
                                  0000345e       18c   func ,g         * 
  _IR_Flasher
                                  000035ea        3a   func ,g         * 
  _main
                                  00003624        38   func ,g         * 
FILE=int_handler.obj
                                  0000365c  0000367b        20
  SYSTEM_HDL
                                  0000365c         0   none ,g         * 
FILE=OUT_CRLF
                                  0000367c  0000368b        10
  OUT_CRLF
                                  0000367c         0   none ,g         * 
FILE=OUT_STRING
                                  0000368c  00003697         c
  OUT_STRING
                                  0000368c         0   none ,g         * 
FILE=IN_STRING
                                  00003698  0000370b        74
  IN_STRING
                                  00003698         0   none ,g         * 
  BS_MSG
                                  00003708         0   none ,l         * 
FILE=ERR
                                  0000370c  00003868       15d
  ERR
                                  0000370c         0   none ,g         * 
  ERR00
                                  0000370e         0   none ,g         * 
  ERR01
                                  00003712         0   none ,g         * 
  ERR02
                                  00003716         0   none ,g         * 
  ERR03
                                  0000371a         0   none ,g         * 
  ERR04
                                  0000371e         0   none ,g         * 
  ERR05
                                  00003722         0   none ,g         * 
  ERR06
                                  00003726         0   none ,g         * 
  ERR07
                                  0000372a         0   none ,g         * 
  ERR08
                                  0000372e         0   none ,g         * 
  ERR09
                                  00003732         0   none ,g         * 
  ERR10
                                  00003736         0   none ,g         * 
  ERR11
                                  0000373a         0   none ,g         * 
  ERR_MSG
                                  0000377a         0   none ,l         * 
  ERR00_MSG
                                  00003787         0   none ,l         * 
  ERR01_MSG
                                  00003797         0   none ,l         * 
  ERR02_MSG
                                  000037a7         0   none ,l         * 
  ERR03_MSG
                                  000037b9         0   none ,l         * 
  ERR04_MSG
                                  000037cf         0   none ,l         * 
  ERR05_MSG
                                  000037e3         0   none ,l         * 
  ERR06_MSG
                                  000037f8         0   none ,l         * 
  ERR07_MSG
                                  00003808         0   none ,l         * 
  ERR08_MSG
                                  0000381c         0   none ,l         * 
  ERR09_MSG
                                  00003830         0   none ,l         * 
  ERR10_MSG
                                  00003845         0   none ,l         * 
  ERR11_MSG
                                  00003859         0   none ,l         * 
FILE=TBL_ANA
                                  0000386a  000038b9        50
  TBL_ANA
                                  0000386a         0   none ,g         * 
FILE=COM_SPLIT
                                  000038ba  00003981        c8
  COM_SPLIT
                                  000038ba         0   none ,g         * 
  SPTB_CHK
                                  00003946         0   none ,g         * 
  SPL_CHK
                                  00003956         0   none ,l         * 
  LOW_CHK
                                  00003966         0   none ,g         * 
  ANA_BUF_ADR
                                  00003976         0   none ,l         * 
FILE=A_COM
                                  00003982  00003985         4
  A_COM
                                  00003982         0   none ,g         * 
FILE=B_COM
                                  00003986  00003997        12
  B_COM
                                  00003986         0   none ,g         * 
  B_COM_INIT
                                  0000398a         0   none ,g         * 
  BREAK_CHK
                                  0000398c         0   none ,g         * 
  B_SUB_COM
                                  0000398c         0   none ,g         * 
  BREAK_SET
                                  00003990         0   none ,g         * 
  BREAK_CLR
                                  00003996         0   none ,g         * 
FILE=D_COM
                                  00003998  0000399b         4
  D_COM
                                  00003998         0   none ,g         * 
  D_ANA_SUB
                                  0000399c         0   none ,g         * 
  D_COM_SUB
                                  0000399c         0   none ,g         * 
FILE=DA_COM
                                  0000399c  000039a1         6
  DA_COM
                                  0000399c         0   none ,g         * 
  DA_SUB_COM
                                  000039a0         0   none ,g         * 
  DA_COM_SUB
                                  000039a0         0   none ,g         * 
FILE=F_COM
                                  000039a2  000039a5         4
  F_COM
                                  000039a2         0   none ,g         * 
FILE=G_COM
                                  000039a6  00003a0f        6a
  G_COM
                                  000039a6         0   none ,g         * 
  G_COM_SUB
                                  000039d4         0   none ,g         * 
  SET_MOD
                                  00003a0e         0   none ,l         * 
FILE=H8_COM
                                  00003a10  00003a13         4
  H8_COM
                                  00003a10         0   none ,g         * 
FILE=L_COM
                                  00003a14  00003b89       176
  L_COM
                                  00003a14         0   none ,g         * 
  L_COM_SUB
                                  00003a60         0   none ,l         * 
  S0
                                  00003aec         0   none ,l         * 
  S1
                                  00003afe         0   none ,l         * 
  S9
                                  00003b2e         0   none ,l         * 
  L_MOD
                                  00003b3e         0   none ,l         * 
  L_IOB
                                  00003b52         0   none ,l         * 
  L_MSG
                                  00003b72         0   none ,l         * 
FILE=M_COM
                                  00003b8a  00003b8d         4
  M_COM
                                  00003b8a         0   none ,g         * 
FILE=R_COM
                                  00003b8e  00003bb5        28
  R_COM
                                  00003b8e         0   none ,g         * 
  R_COM_INIT
                                  00003b92         0   none ,g         * 
  R_SUB_COM
                                  00003bb4         0   none ,g         * 
FILE=S_COM
                                  00003bb6  00003bb9         4
  S_COM
                                  00003bb6         0   none ,g         * 
  S_SUB_COM
                                  00003bba         0   none ,g         * 
  S_COM_SUB
                                  00003bba         0   none ,g         * 
FILE=REG_COM
                                  00003bba  00003bbd         4
  REG_COM
                                  00003bba         0   none ,g         * 
FILE=HELP_COM
                                  00003bbe  00003bc1         4
  HELP_COM_SUB
                                  00003bbe         0   none ,g         * 
  HELP_COM
                                  00003bbe         0   none ,g         * 
FILE=RET_COM
                                  00003bc2  00003bcd         c
  RET_COM
                                  00003bc2         0   none ,g         * 
  RET_COM_SUB
                                  00003bc6         0   none ,g         * 
FILE=BACK_COM
                                  00003bce  00003bd3         6
  BACK_COM
                                  00003bce         0   none ,g         * 
  BACK_COM_INIT
                                  00003bd2         0   none ,g         * 
  BACK_COM_SUB
                                  00003bd2         0   none ,g         * 
FILE=SWAPV
                                  00003bd4  00003be5        12
  VECTOR_INIT
                                  00003bd4         0   none ,g         * 
  VECTOR_SET
                                  00003be4         0   none ,g         * 
  VECTOR_CLR
                                  00003be4         0   none ,g         * 
FILE=INIT
                                  00003be6  00003c58        73
  INIT
                                  00003be6         0   none ,g         * 
  OPEN_MSG
                                  00003bfe         0   none ,g         * 
FILE=INT_MSG
                                  00003c5a  00003dab       152
  VECTOR_TBL
                                  00003c5a         0   none ,g         * 
  INT001
                                  00003c5c         0   none ,g         * 
  INT002
                                  00003c60         0   none ,l         * 
  INT003
                                  00003c64         0   none ,l         * 
  INT004
                                  00003c68         0   none ,l         * 
  INT005
                                  00003c6c         0   none ,l         * 
  INT006
                                  00003c70         0   none ,l         * 
  INT007
                                  00003c74         0   none ,l         * 
  INT008
                                  00003c78         0   none ,l         * 
  INT009
                                  00003c7c         0   none ,l         * 
  INT010
                                  00003c80         0   none ,l         * 
  INT011
                                  00003c84         0   none ,l         * 
  INT012
                                  00003c88         0   none ,l         * 
  INT013
                                  00003c8c         0   none ,l         * 
  INT014
                                  00003c90         0   none ,l         * 
  INT015
                                  00003c94         0   none ,l         * 
  INT016
                                  00003c98         0   none ,l         * 
  INT017
                                  00003c9c         0   none ,l         * 
  INT018
                                  00003ca0         0   none ,l         * 
  INT019
                                  00003ca4         0   none ,l         * 
  INT020
                                  00003ca8         0   none ,l         * 
  INT021
                                  00003cac         0   none ,l         * 
  INT022
                                  00003cb0         0   none ,l         * 
  INT023
                                  00003cb4         0   none ,l         * 
  INT024
                                  00003cb8         0   none ,l         * 
  INT025
                                  00003cbc         0   none ,l         * 
  INT026
                                  00003cc0         0   none ,l         * 
  INT027
                                  00003cc4         0   none ,l         * 
  INT028
                                  00003cc8         0   none ,l         * 
  INT029
                                  00003ccc         0   none ,l         * 
  INT030
                                  00003cd0         0   none ,l         * 
  INT031
                                  00003cd4         0   none ,l         * 
  MEM_CHK
                                  00003cd8         0   none ,g         * 
  INT_CHK
                                  00003cdc         0   none ,g         * 
  INT_MSG
                                  00003ce0         0   none ,g         * 
FILE=divl3
                                  00003dac  00003dd1        26
  $DIVL$3
                                  00003dac         0   none ,g         * 
  
                                  00003db6         0   none ,l         * 
  
                                  00003dbe         0   none ,l         * 
  
                                  00003dc8         0   none ,l         * 
  
                                  00003dce         0   none ,l         * 
FILE=divul3
                                  00003dd2  00003e0d        3c
  $DIVUL$3
                                  00003dd2         0   none ,g         * 
  
                                  00003dea         0   none ,l         * 
  
                                  00003df4         0   none ,l         * 
  
                                  00003dfe         0   none ,l         * 
  
                                  00003e08         0   none ,l         * 
FILE=mull3
                                  00003e0e  00003e2d        20
  $MULL$3
                                  00003e0e         0   none ,g         * 
FILE=_initsct
                                  00003e2e  00003e7b        4e
  __INITSCT
                                  00003e2e         0   none ,g         * 
  
                                  00003e42         0   none ,l         * 
  
                                  00003e48         0   none ,l         * 
  
                                  00003e4a         0   none ,l         * 
  
                                  00003e4e         0   none ,l         * 
  
                                  00003e5c         0   none ,l         * 
  
                                  00003e64         0   none ,l         * 
  
                                  00003e6a         0   none ,l         * 
  
                                  00003e6e         0   none ,l         * 
FILE=OUT_CHAR
                                  00003e7c  00003e8f        14
  OUT_CHAR
                                  00003e7c         0   none ,g         * 
FILE=OUT_VALUE
                                  00003e90  00003e9d         e
  OUT_VALUE
                                  00003e90         0   none ,g         * 
FILE=BIN_ASC_4
                                  00003e9e  00003ea3         6
  BIN_ASC_4
                                  00003e9e         0   none ,g         * 
FILE=IN_CHAR
                                  00003ea4  00003ed9        36
  IN_CHAR
                                  00003ea4         0   none ,g         * 
FILE=IN_SCHAR
                                  00003eda  00003efb        22
  IN_SCHAR
                                  00003eda         0   none ,g         * 
FILE=ASC_BCD_2
                                  00003efc  00003f15        1a
  ASC_BCD_2
                                  00003efc         0   none ,g         * 
  BCD_CHK
                                  00003f06         0   none ,g         * 
FILE=ASC_BIN_4
                                  00003f16  00003f1f         a
  ASC_BIN_4
                                  00003f16         0   none ,g         * 
FILE=TBL_CHK
                                  00003f20  00003f3d        1e
  TBL_CHK
                                  00003f20         0   none ,g         * 
FILE=BREAK
                                  00003f3e  00003f41         4
  INT02
                                  00003f3e         0   none ,g         * 
FILE=TRACE
                                  00003f42  00003f45         4
  INT01
                                  00003f42         0   none ,g         * 
FILE=TRACEA
                                  00003f46  00003f47         2
  TRACE_SET
                                  00003f46         0   none ,g         * 
  TRACE_CLR
                                  00003f46         0   none ,g         * 
FILE=ABORT
                                  00003f48  00003fa9        62
  INT07
                                  00003f48         0   none ,g         * 
  ABORT_MSG
                                  00003f9e         0   none ,l         * 
FILE=OUT_2SP
                                  00003faa  00003fb3         a
  OUT_2SP
                                  00003faa         0   none ,g         * 
FILE=BIN_ASC
                                  00003fb4  00003fdb        28
  BIN_ASC
                                  00003fb4         0   none ,g         * 
FILE=ASC_BIN
                                  00003fdc  0000401b        40
  ASC_BIN
                                  00003fdc         0   none ,g         * 
  ASC_CHK
                                  0000400c         0   none ,g         * 
FILE=UNDEF_HDL
                                  0000401c  00004128       10d
  UNDEF_HDL
                                  0000401c         0   none ,g         * 
  UNDEF_MOD
                                  00004080         0   none ,g         * 
  UNDEF_ROU
                                  000040a6         0   none ,g         * 
  OUT_MEM
                                  000040ca         0   none ,l         * 
  OUT_INT
                                  000040e4         0   none ,g         * 
  CLR_MOD
                                  0000410a         0   none ,l         * 
  OUT_MOD
                                  0000410e         0   none ,l         * 
  MEM_MSG
                                  00004110         0   none ,l         * 
FILE=BIN_ASC_2
                                  0000412a  0000412f         6
  BIN_ASC_2
                                  0000412a         0   none ,g         * 

SECTION=C
FILE=main.obj
                                  00004130  000042ce       19f
  _g_uTachoBar
                                  00004154         a   data ,g         * 
  _VectorTable
                                  0000415e        40   data ,g         * 
  _g_cFont
                                  0000419e         a   data ,g         * 
  _g_cFontR
                                  000041a8         a   data ,g         * 
  _g_szMsgReadyToGo
                                  000041b2         c   data ,g         * 
  _g_szMsgTacho
                                  000041be         5   data ,g         * 
  _g_szMsgSpeed
                                  000041c3         4   data ,g         * 
  _g_szMsgWaterTemp
                                  000041c7         6   data ,g         * 
  _g_szMsgIRCnt
                                  000041cd         3   data ,g         * 
  _g_szMsgFuel
                                  000041d0         5   data ,g         * 
  _g_szMsgMileage
                                  000041d5         5   data ,g         * 
  _g_szMsgCalibrate
                                  000041da         a   data ,g         * 
  _g_szMsgOpening
                                  000041e4        2a   data ,g         * 
  _g_LEDAnimeOpening
                                  0000420e        3d   data ,g         * 
  _g_cLEDFont
                                  0000424b        65   data ,g         * 

SECTION=D
FILE=main.obj
                                  000042d0  000042d7         8

SECTION=BPAD_MON
FILE=int_handler.obj
                                  0000f780  0000fef3       774

SECTION=RAM
FILE=NORMAL.obj
                                  0000fef4  0000ff21        2e
  STACK
                                  0000fefe         0   none ,g         * 
FILE=IN_STRING
                                  0000ff22  0000ff7d        5c
  COM_BUF
                                  0000ff22         0   none ,g         * 
  ANA_BUF
                                  0000ff42         0   none ,g         * 
FILE=RET_COM
                                  0000ff7e  0000ff7f         2
  RET_TBL
                                  0000ff7e         0   none ,g         * 

SECTION=BPAD_C
FILE=int_handler.obj
                                  0000f780  0000fed5       756

SECTION=B
FILE=sci.obj
                                  0000fed6  0000ff2b        56
  _error_handler
                                  0000fed6         2   data ,g         * 
  __$rx_buffer
                                  0000fed8        20   data ,l         * 
  __$tx_buffer
                                  0000fef8        30   data ,l         * 
  _rx_idx_head
                                  0000ff28         1   data ,g         * 
  _rx_idx_tail
                                  0000ff29         1   data ,g         * 
  _tx_idx_head
                                  0000ff2a         1   data ,g         * 
  _tx_idx_tail
                                  0000ff2b         1   data ,g         * 
FILE=main.obj
                                  0000ff2c  0000ff74        49
  _g_Tacho
                                  0000ff2c         c   data ,g         * 
  _g_Speed
                                  0000ff38         c   data ,g         * 
  _g_IR
                                  0000ff44         c   data ,g         * 
  _g_lParam
                                  0000ff50         4   data ,g         * 
  _g_uTimerWovf
                                  0000ff54         2   data ,g         * 
  _g_uRemainedMillage
                                  0000ff56         2   data ,g         * 
  _g_uStartGTh
                                  0000ff58         2   data ,g         * 
  _g_uMileage
                                  0000ff5a         2   data ,g         * 
  _g_uDispNext
                                  0000ff5c         2   data ,g         * 
  _g_uRTC
                                  0000ff5e         2   data ,g         * 
  _g_uPrevTW
                                  0000ff60         2   data ,g         * 
  _g_uHz
                                  0000ff62         2   data ,g         * 
  _g_szLEDMsg
                                  0000ff64         2   data ,g         * 
  _g_DispVal
                                  0000ff66         6   data ,g         * 
  _g_Flags
                                  0000ff6c         3   data ,g         * 
  _g_PushSW
                                  0000ff6f         3   data ,g         * 
  _g_cLEDBar
                                  0000ff72         1   data ,g         * 
  _g_cAutoModeTimer
                                  0000ff73         1   data ,g         * 
  _g_uVideoCaribCnt
                                  0000ff74         1   data ,g         * 

SECTION=R
FILE=main.obj
                                  0000ff76  0000ff7d         8
  _g_VRAM
                                  0000ff76         4   data ,g         * 
  __$uCntPrev$155
                                  0000ff7a         2   data ,l         * 
  _g_uSpeedCalcConst
                                  0000ff7c         2   data ,g         * 

SECTION=RAM_VectorTblPtr
FILE=int_handler.obj
                                  0000ff7e  0000ff7f         2
  _VectorTblPtr
                                  0000ff7e         0   none ,g         * 

SECTION=SCI
FILE=INIT
                                  0000ffa8  0000ffad         6
  SMR
                                  0000ffa8         0   none ,l         * 
  BRR
                                  0000ffa9         0   none ,l         * 
  SCR
                                  0000ffaa         0   none ,l         * 
  TDR
                                  0000ffab         0   none ,g         * 
  SSR
                                  0000ffac         0   none ,g         * 
  RDR
                                  0000ffad         0   none ,g         * 

Absolute value symbols
FILE=R_COM
  $STACK
                                  0000fef4         0   none ,g         * 
FILE=INIT
  PMR1
                                  0000ffe0         0   none ,l         * 
  $BRR
                                  0000000c         0   none ,g         * 
  INTERNAL_BGN
                                  00000000         0   none ,g         * 
  INTERNAL_END
                                  00000000         0   none ,g         * 
  INTERNAL
                                  0000ff80         0   none ,g         * 
FILE=LOWER
  _sml_buf
                                  00000000         0   none ,g         * 
  __iob
                                  00000000         0   none ,g         * 
  _BUF
                                  00000000         0   none ,g         * 
FILE=L_BUF
  L_BUF
                                  00000000         0   none ,g         * 

*** Delete Symbols ***

SYMBOL                                SIZE    INFO

*** Variable Accessible with Abs8 ***

SYMBOL                                SIZE    COUNTS  OPTIMIZE

_rx_idx_head
                                         1         * 
_rx_idx_tail
                                         1         * 
_tx_idx_head
                                         1         * 
_tx_idx_tail
                                         1         * 
_g_Flags
                                         3         * 
_g_PushSW
                                         3         * 
_g_cLEDBar
                                         1         * 
_g_cAutoModeTimer
                                         1         * 
_g_uVideoCaribCnt
                                         1         * 

*** Variable Accessible with Abs16 ***

SYMBOL                                SIZE    COUNTS  OPTIMIZE

*** Function Call ***

SYMBOL                              COUNTS  OPTIMIZE

_sci_init
                                         * 
_sci_read
                                         * 
_sci_write
                                         * 
_sci_int_handler
                                         * 
_SetBeep
                                         * 
_ComputeGear
                                         * 
_ComputeMeter
                                         * 
_DispMsgStart
                                         * 
_DispLED_Carib
                                         * 
_Print
                                         * 
_ProcessAutoMode
                                         * 
_CheckStartByGSensor
                                         * 
_InitMain
                                         * 
_ProcessUIO
                                         * 
_WaitStateChange
                                         * 
_main
                                         * 
