###############################################################################
#                                                                             #
# IAR ARM ELF Linker V5.11.0.50622/W32                  26/Jun/2009  19:16:42 #
# Copyright 2007 IAR Systems. All rights reserved.                            #
#                                                                             #
#    Output file  =  G:\DDS\vsd\vsd2\Release\Exe\vsd2.out                     #
#    Map file     =  G:\DDS\vsd\vsd2\Release\List\vsd2.map                    #
#    Command line =  G:\DDS\vsd\vsd2\Release\Obj\cortexm3_macro.o             #
#                    G:\DDS\vsd\vsd2\Release\Obj\diskio.o                     #
#                    G:\DDS\vsd\vsd2\Release\Obj\ff.o                         #
#                    G:\DDS\vsd\vsd2\Release\Obj\hw_config.o                  #
#                    G:\DDS\vsd\vsd2\Release\Obj\main.o                       #
#                    G:\DDS\vsd\vsd2\Release\Obj\msd.o                        #
#                    G:\DDS\vsd\vsd2\Release\Obj\stm32f10x_flash.o            #
#                    G:\DDS\vsd\vsd2\Release\Obj\stm32f10x_gpio.o             #
#                    G:\DDS\vsd\vsd2\Release\Obj\stm32f10x_it.o               #
#                    G:\DDS\vsd\vsd2\Release\Obj\stm32f10x_lib.o              #
#                    G:\DDS\vsd\vsd2\Release\Obj\stm32f10x_nvic.o             #
#                    G:\DDS\vsd\vsd2\Release\Obj\stm32f10x_rcc.o              #
#                    G:\DDS\vsd\vsd2\Release\Obj\stm32f10x_spi.o              #
#                    G:\DDS\vsd\vsd2\Release\Obj\stm32f10x_usart.o            #
#                    G:\DDS\vsd\vsd2\Release\Obj\stm32f10x_vector.o           #
#                    G:\DDS\vsd\vsd2\Release\Obj\usb_core.o                   #
#                    G:\DDS\vsd\vsd2\Release\Obj\usb_desc.o                   #
#                    G:\DDS\vsd\vsd2\Release\Obj\usb_endp.o                   #
#                    G:\DDS\vsd\vsd2\Release\Obj\usb_init.o                   #
#                    G:\DDS\vsd\vsd2\Release\Obj\usb_int.o                    #
#                    G:\DDS\vsd\vsd2\Release\Obj\usb_istr.o                   #
#                    G:\DDS\vsd\vsd2\Release\Obj\usb_mem.o                    #
#                    G:\DDS\vsd\vsd2\Release\Obj\usb_prop.o                   #
#                    G:\DDS\vsd\vsd2\Release\Obj\usb_pwr.o                    #
#                    G:\DDS\vsd\vsd2\Release\Obj\usb_regs.o -o                #
#                    G:\DDS\vsd\vsd2\Release\Exe\vsd2.out --map               #
#                    G:\DDS\vsd\vsd2\Release\List\vsd2.map --config           #
#                    G:\DDS\vsd\vsd2\STM32F10x_FLASH.icf --semihosting        #
#                    --entry __iar_program_start                              #
#                                                                             #
#                                                                             #
###############################################################################

*******************************************************************************
*** RUNTIME MODEL ATTRIBUTES
***

__endian      = little
__thumb_aware = enabled


*******************************************************************************
*** PLACEMENT SUMMARY
***

"A1":  place at mem:0x8003000 { ro section .intvec };
"P1":  place in [from mem:0x80030ec to mem:0x801ffff] { ro };
"P2":  place in [from mem:0x20004e54 to mem:0x20004fff] { block RAM_Block };

  Section            Kind        Address    Size  Object
  -------            ----        -------    ----  ------
"A1":                                       0xec
  .intvec            const    0x08003000    0xec  stm32f10x_vector.o [1]
                            - 0x080030ec    0xec

"P1":                                     0x388a
  .text              ro code  0x080030ec   0xeca  xprintffull.o [3]
  .text              ro code  0x08003fb8   0x77e  usb_core.o [1]
  .text              ro code  0x08004738   0x288  DblDiv.o [4]
  .text              ro code  0x080049c0   0x274  hw_config.o [1]
  .text              ro code  0x08004c34   0x224  stm32f10x_rcc.o [1]
  .text              ro code  0x08004e58   0x220  msd.o [1]
  .text              ro code  0x08005078   0x20c  usb_prop.o [1]
  .text              ro code  0x08005284   0x1ee  usb_regs.o [1]
  .text              ro code  0x08005474   0x1bc  ABImemcpy.o [4]
  .text              ro code  0x08005630   0x1a2  DblMul.o [4]
  .text              ro code  0x080057d4   0x180  DblSub.o [4]
  .text              ro code  0x08005954   0x15c  usb_int.o [1]
  .text              ro code  0x08005ab0   0x13a  stm32f10x_usart.o [1]
  .text              ro code  0x08005bec   0x114  xdscale.o [3]
  .text              ro code  0x08005d00    0xfc  main.o [1]
  .text              ro code  0x08005dfc    0xfa  stm32f10x_it.o [1]
  .text              ro code  0x08005ef8    0xe8  DblAdd.o [4]
  .text              ro code  0x08005fe0    0xd0  I64DivMod.o [4]
  Initializer bytes  ro data  0x080060b0    0xc8  <for rw-1>
  .text              ro code  0x08006178    0xb8  stm32f10x_gpio.o [1]
  .text              ro code  0x08006230    0xac  stm32f10x_nvic.o [1]
  .text              ro code  0x080062dc    0xaa  xdnorm.o [3]
  CODE               ro code  0x08006388    0x6e  cortexm3_macro.o [1]
  .text              ro code  0x080063f8    0x64  stm32f10x_spi.o [1]
  .text              ro code  0x0800645c    0x5c  usb_istr.o [1]
  .text              ro code  0x080064b8    0x56  DblToI32.o [4]
  .rodata            const    0x08006510    0x50  main.o [1]
  .text              ro code  0x08006560    0x48  usb_mem.o [1]
  .rodata            const    0x080065a8    0x44  usb_desc.o [1]
  .text              ro code  0x080065ec    0x38  DblSubNrml.o [4]
  .rodata            const    0x08006624    0x34  usb_desc.o [1]
  .text              ro code  0x08006658    0x34  usb_endp.o [1]
  .text              ro code  0x0800668c    0x30  DblCmpLe.o [4]
  .text              ro code  0x080066bc    0x30  DblCmpGe.o [4]
  .text              ro code  0x080066ec    0x2e  I32ToDbl.o [4]
  .text              ro code  0x0800671c    0x2c  usb_pwr.o [1]
  .rodata            const    0x08006748    0x28  usb_desc.o [1]
  .text              ro code  0x08006770    0x24  stm32f10x_flash.o [1]
  .text              ro code  0x08006794    0x24  usb_init.o [1]
  .text              ro code  0x080067b8    0x24  data_init.o [4]
  .iar.init_table    const    0x080067dc    0x20  - Linker created -
  .text              ro code  0x080067fc    0x20  printf.o [3]
  .rodata            const    0x0800681c    0x18  msd.o [1]
  .rodata            const    0x08006834    0x18  usb_desc.o [1]
  .text              ro code  0x0800684c    0x18  cmain.o [4]
  .text              ro code  0x08006864    0x18  memchr.o [4]
  .text              ro code  0x0800687c    0x16  xprout.o [3]
  .text              ro code  0x08006894    0x16  div.o [3]
  .rodata            const    0x080068ac    0x14  stm32f10x_rcc.o [1]
  .rodata            const    0x080068c0    0x14  usb_desc.o [1]
  .text              ro code  0x080068d4    0x14  I32DivMod.o [4]
  .text              ro code  0x080068e8    0x14  strchr.o [4]
  .text              ro code  0x080068fc    0x10  exit.o [5]
  .text              ro code  0x0800690c    0x10  copy_init.o [4]
  .text              ro code  0x0800691c     0xe  strlen.o [4]
  .text              ro code  0x0800692c     0xe  zero_init.o [4]
  .text              ro code  0x0800693c     0xa  cexit.o [4]
  .rodata            const    0x08006948     0x8  msd.o [1]
  .rodata            const    0x08006950     0x8  msd.o [1]
  .rodata            const    0x08006958     0x8  xprintffull.o [3]
  .text              ro code  0x08006960     0x8  exit.o [3]
  .rodata            const    0x08006968     0x4  usb_desc.o [1]
  .text              ro code  0x0800696c     0x4  low_level_init.o [3]
  .text              ro code  0x08006970     0x2  IntDivZer.o [4]
  .text              ro code  0x08006974     0x2  I64DivZer.o [4]
                            - 0x08006976  0x388a

"P2":                                      0x1aa
  RAM_Block                   0x20004e54   0x1aa  <Block>
    CSTACK                    0x20004e54     0x0  <Block>
    rw-1                      0x20004e54    0xc8  <Init block>
      .data          inited   0x20004e54    0x1c  usb_istr.o [1]
      .data          inited   0x20004e70    0x1c  usb_istr.o [1]
      .data          inited   0x20004e8c     0x8  usb_prop.o [1]
      .data          inited   0x20004e94     0x4  usb_prop.o [1]
      .data          inited   0x20004e98    0x30  usb_prop.o [1]
      .data          inited   0x20004ec8    0x24  usb_prop.o [1]
      .data          inited   0x20004eec     0x8  usb_prop.o [1]
      .data          inited   0x20004ef4     0x8  usb_prop.o [1]
      .data          inited   0x20004efc    0x20  usb_prop.o [1]
    .bss             zero     0x20004f1c    0x18  hw_config.o [1]
    .bss             zero     0x20004f34    0x40  hw_config.o [1]
    .bss             zero     0x20004f74     0x8  stm32f10x_rcc.o [1]
    .bss             zero     0x20004f7c     0x4  usb_core.o [1]
    .bss             zero     0x20004f80    0x44  usb_endp.o [1]
    .bss             zero     0x20004fc4     0x4  usb_endp.o [1]
    .bss             zero     0x20004fc8    0x28  usb_init.o [1]
    .bss             zero     0x20004ff0     0x2  usb_init.o [1]
    .bss             zero     0x20004ff2     0x4  usb_int.o [1]
    .bss             zero     0x20004ff6     0x4  usb_istr.o [1]
    .bss             zero     0x20004ffa     0x1  hw_config.o [1]
    .bss             zero     0x20004ffb     0x1  usb_init.o [1]
    .bss             zero     0x20004ffc     0x1  usb_prop.o [1]
    .bss             zero     0x20004ffd     0x1  usb_pwr.o [1]
                            - 0x20004ffe   0x1aa


*******************************************************************************
*** MODULE SUMMARY
***

    Module              ro code  ro data  rw data
    ------              -------  -------  -------
G:\DDS\vsd\vsd2\Release\Obj: [1]
    cortexm3_macro.o        110
    hw_config.o             628                89
    main.o                  252       80
    msd.o                   544       40
    stm32f10x_flash.o        36
    stm32f10x_gpio.o        184
    stm32f10x_it.o          250
    stm32f10x_nvic.o        172
    stm32f10x_rcc.o         548       20        8
    stm32f10x_spi.o         100
    stm32f10x_usart.o       314
    stm32f10x_vector.o               236
    usb_core.o            1 918                 4
    usb_desc.o                       208
    usb_endp.o               52                72
    usb_init.o               36                43
    usb_int.o               348                 4
    usb_istr.o               92       56       60
    usb_mem.o                72
    usb_prop.o              524      144      145
    usb_pwr.o                44                 1
    usb_regs.o              494
    ---------------------------------------------
    Total:                6 718      784      426

command line: [2]
    ---------------------------------------------
    Total:

dl7M_tl_in.a: [3]
    div.o                    22
    exit.o                    8
    low_level_init.o          4
    printf.o                 32
    xdnorm.o                170
    xdscale.o               276
    xprintffull.o         3 786        8
    xprout.o                 22
    ---------------------------------------------
    Total:                4 320        8

rt7M_tl.a: [4]
    ABImemcpy.o             444
    DblAdd.o                232
    DblCmpGe.o               48
    DblCmpLe.o               48
    DblDiv.o                648
    DblMul.o                418
    DblSub.o                384
    DblSubNrml.o             56
    DblToI32.o               86
    I32DivMod.o              20
    I32ToDbl.o               46
    I64DivMod.o             208
    I64DivZer.o               2
    IntDivZer.o               2
    cexit.o                  10
    cmain.o                  24
    copy_init.o              16
    data_init.o              36
    memchr.o                 24
    strchr.o                 20
    strlen.o                 14
    zero_init.o              14
    ---------------------------------------------
    Total:                2 800

shb_l.a: [5]
    exit.o                   16
    ---------------------------------------------
    Total:                   16

    Gaps                     26        6
    Linker created                    32
-------------------------------------------------
    Grand Total:         13 880      830      426


*******************************************************************************
*** ENTRY LIST
***

Entry                      Address   Size  Type      Object
-----                      -------   ----  ----      ------
ADCPrescTable           0x080068bc    0x4  Data  Lc  stm32f10x_rcc.o [1]
ADC_IRQHandler          0x08005e69    0x2  Code  Gb  stm32f10x_it.o [1]
APBAHBPrescTable        0x080068ac   0x10  Data  Lc  stm32f10x_rcc.o [1]
BusFaultException       0x08005e09    0x2  Code  Gb  stm32f10x_it.o [1]
ByteSwap                0x08005469    0xa  Code  Gb  usb_regs.o [1]
CAN_RX1_IRQHandler      0x08005e7d    0x2  Code  Gb  stm32f10x_it.o [1]
CAN_SCE_IRQHandler      0x08005e81    0x2  Code  Gb  stm32f10x_it.o [1]
CSTACK$$Base            0x20004e54          --   Gb  - Linker created -
CSTACK$$Limit           0x20004e54          --   Gb  - Linker created -
CTR_LP                  0x08005955  0x13c  Code  Gb  usb_int.o [1]
ClearDTOG_RX            0x0800533d   0x1a  Code  Gb  usb_regs.o [1]
ClearDTOG_TX            0x08005359   0x1a  Code  Gb  usb_regs.o [1]
Clear_Status_Out        0x08005329    0x8  Code  Gb  usb_regs.o [1]
Config_Descriptor       0x20004ef4    0x8  Data  Gb  usb_prop.o [1]
DFU_Button_Read         0x08005d31    0xe  Code  Gb  main.o [1]
DMAChannel1_IRQHandler  0x08005e4d    0x2  Code  Gb  stm32f10x_it.o [1]
DMAChannel2_IRQHandler  0x08005e51    0x2  Code  Gb  stm32f10x_it.o [1]
DMAChannel3_IRQHandler  0x08005e55    0x2  Code  Gb  stm32f10x_it.o [1]
DMAChannel4_IRQHandler  0x08005e59    0x2  Code  Gb  stm32f10x_it.o [1]
DMAChannel5_IRQHandler  0x08005e5d    0x2  Code  Gb  stm32f10x_it.o [1]
DMAChannel6_IRQHandler  0x08005e61    0x2  Code  Gb  stm32f10x_it.o [1]
DMAChannel7_IRQHandler  0x08005e65    0x2  Code  Gb  stm32f10x_it.o [1]
DataStageIn             0x080042f1   0x80  Code  Lc  usb_core.o [1]
DataStageOut            0x0800425d   0x88  Code  Lc  usb_core.o [1]
Data_Setup0             0x0800443d  0x16c  Code  Lc  usb_core.o [1]
DebugMonitor            0x08005e11    0x2  Code  Gb  stm32f10x_it.o [1]
Device_Descriptor       0x20004eec    0x8  Data  Gb  usb_prop.o [1]
Device_Info             0x20004fc8   0x1c  Data  Gb  usb_init.o [1]
Device_Property         0x20004e98   0x30  Data  Gb  usb_prop.o [1]
Device_Table            0x20004e94    0x4  Data  Gb  usb_prop.o [1]
EP1_IN_Callback         0x08006681    0xc  Code  Gb  usb_endp.o [1]
EP3_OUT_Callback        0x08006659   0x28  Code  Gb  usb_endp.o [1]
EPindex                 0x20004ffb    0x1  Data  Gb  usb_init.o [1]
EXTI0_IRQHandler        0x08005e39    0x2  Code  Gb  stm32f10x_it.o [1]
EXTI15_10_IRQHandler    0x08005eed    0x2  Code  Gb  stm32f10x_it.o [1]
EXTI1_IRQHandler        0x08005e3d    0x2  Code  Gb  stm32f10x_it.o [1]
EXTI2_IRQHandler        0x08005e41    0x2  Code  Gb  stm32f10x_it.o [1]
EXTI3_IRQHandler        0x08005e45    0x2  Code  Gb  stm32f10x_it.o [1]
EXTI4_IRQHandler        0x08005e49    0x2  Code  Gb  stm32f10x_it.o [1]
EXTI9_5_IRQHandler      0x08005e85    0x2  Code  Gb  stm32f10x_it.o [1]
FLASH_IRQHandler        0x08005e31    0x2  Code  Gb  stm32f10x_it.o [1]
FLASH_PrefetchBufferCmd
                        0x0800677d    0x4  Code  Gb  stm32f10x_flash.o [1]
FLASH_SetLatency        0x08006771    0xa  Code  Gb  stm32f10x_flash.o [1]
GPIO_Init               0x08006179   0xa0  Code  Gb  stm32f10x_gpio.o [1]
GPIO_ReadInputDataBit   0x08006219    0xe  Code  Gb  stm32f10x_gpio.o [1]
GPIO_ResetBits          0x0800622d    0x4  Code  Gb  stm32f10x_gpio.o [1]
GPIO_SetBits            0x08006229    0x4  Code  Gb  stm32f10x_gpio.o [1]
GetEPRxAddr             0x080053d1   0x14  Code  Gb  usb_regs.o [1]
GetEPRxCount            0x08005449   0x20  Code  Gb  usb_regs.o [1]
GetEPTxAddr             0x080053b9   0x14  Code  Gb  usb_regs.o [1]
GetEPTxStatus           0x080052ed    0xc  Code  Gb  usb_regs.o [1]
HSEStartUpStatus        0x20004ffa    0x1  Data  Gb  hw_config.o [1]
HSEStatus               0x20004f74    0x1  Data  Lc  stm32f10x_rcc.o [1]
HardFaultException      0x08005e01    0x2  Code  Gb  stm32f10x_it.o [1]
I2C1_ER_IRQHandler      0x08005ea9    0x2  Code  Gb  stm32f10x_it.o [1]
I2C1_EV_IRQHandler      0x08005ea5    0x2  Code  Gb  stm32f10x_it.o [1]
I2C2_ER_IRQHandler      0x08005eb1    0x2  Code  Gb  stm32f10x_it.o [1]
I2C2_EV_IRQHandler      0x08005ead    0x2  Code  Gb  stm32f10x_it.o [1]
In0_Process             0x08004625   0x58  Code  Gb  usb_core.o [1]
JumpTo                  0x08005d51    0x8  Code  Gb  main.o [1]
MSD_GetResponse         0x08004ef1   0x14  Code  Gb  msd.o [1]
MSD_GetResponse2        0x08004ec9   0x28  Code  Gb  msd.o [1]
MSD_GoIdleState         0x08004f05   0x80  Code  Gb  msd.o [1]
MSD_Init                0x08004e59   0x22  Code  Gb  msd.o [1]
MSD_ReadByte            0x08004fa5   0x34  Code  Gb  msd.o [1]
MSD_SendCmd             0x08004e81   0x48  Code  Gb  msd.o [1]
MSD_WriteByte           0x08004f85   0x20  Code  Gb  msd.o [1]
MemManageException      0x08005e05    0x2  Code  Gb  stm32f10x_it.o [1]
NMIException            0x08005dfd    0x2  Code  Gb  stm32f10x_it.o [1]
NOP_Process             0x08004735    0x2  Code  Gb  usb_core.o [1]
NVIC_Init               0x08006241   0x7c  Code  Gb  stm32f10x_nvic.o [1]
NVIC_PriorityGroupConfig
                        0x08006231    0xa  Code  Gb  stm32f10x_nvic.o [1]
NVIC_SetVectorTable     0x080062c5   0x14  Code  Gb  stm32f10x_nvic.o [1]
NoData_Setup0           0x08004371   0xcc  Code  Lc  usb_core.o [1]
Out0_Process            0x0800467d   0x30  Code  Gb  usb_core.o [1]
PMAToUserBufferCopy     0x08006589   0x1a  Code  Gb  usb_mem.o [1]
PVD_IRQHandler          0x08005e25    0x2  Code  Gb  stm32f10x_it.o [1]
PendSVC                 0x08005e19    0x2  Code  Gb  stm32f10x_it.o [1]
Post0_Process           0x080046ad   0x32  Code  Gb  usb_core.o [1]
PowerOn                 0x0800671d   0x28  Code  Gb  usb_pwr.o [1]
RAM_Block$$Base         0x20004e54          --   Gb  - Linker created -
RAM_Block$$Limit        0x20004ffe          --   Gb  - Linker created -
RCC_ADCCLKConfig        0x08004d59    0x8  Code  Gb  stm32f10x_rcc.o [1]
RCC_APB1PeriphClockCmd  0x08004e0d   0x18  Code  Gb  stm32f10x_rcc.o [1]
RCC_APB2PeriphClockCmd  0x08004df5   0x18  Code  Gb  stm32f10x_rcc.o [1]
RCC_DeInit              0x08004c35   0x4c  Code  Gb  stm32f10x_rcc.o [1]
RCC_GetClocksFreq       0x08004d6d   0x84  Code  Gb  stm32f10x_rcc.o [1]
RCC_GetFlagStatus       0x08004e25   0x2e  Code  Gb  stm32f10x_rcc.o [1]
RCC_GetSYSCLKSource     0x08004d15    0xa  Code  Gb  stm32f10x_rcc.o [1]
RCC_HCLKConfig          0x08004d21    0x4  Code  Gb  stm32f10x_rcc.o [1]
RCC_HSEConfig           0x08004c81   0x3c  Code  Gb  stm32f10x_rcc.o [1]
RCC_IRQHandler          0x08005e35    0x2  Code  Gb  stm32f10x_it.o [1]
RCC_PCLK1Config         0x08004d31    0x8  Code  Gb  stm32f10x_rcc.o [1]
RCC_PCLK2Config         0x08004d39   0x12  Code  Gb  stm32f10x_rcc.o [1]
RCC_PLLCmd              0x08004d01    0xc  Code  Gb  stm32f10x_rcc.o [1]
RCC_PLLConfig           0x08004ce9   0x16  Code  Gb  stm32f10x_rcc.o [1]
RCC_SYSCLKConfig        0x08004d0d    0x6  Code  Gb  stm32f10x_rcc.o [1]
RCC_USBCLKConfig        0x08004d4d    0xc  Code  Gb  stm32f10x_rcc.o [1]
RCC_WaitForHSEStartUp   0x08004cbd   0x2c  Code  Gb  stm32f10x_rcc.o [1]
RTCAlarm_IRQHandler     0x08005ef1    0x2  Code  Gb  stm32f10x_it.o [1]
RTC_IRQHandler          0x08005e2d    0x2  Code  Gb  stm32f10x_it.o [1]
Region$$Table$$Base     0x080067dc         Data  Gb  - Linker created -
Region$$Table$$Limit    0x080067fc         Data  Gb  - Linker created -
Request                 0x20004ffc    0x1  Data  Gb  usb_prop.o [1]
SPI1_IRQHandler         0x08005eb5    0x2  Code  Gb  stm32f10x_it.o [1]
SPI2_IRQHandler         0x08005eb9    0x2  Code  Gb  stm32f10x_it.o [1]
SPI_Cmd                 0x08006429   0x1c  Code  Gb  stm32f10x_spi.o [1]
SPI_Config              0x08004fd9   0xa0  Code  Lc  msd.o [1]
SPI_GetFlagStatus       0x0800644d    0xe  Code  Gb  stm32f10x_spi.o [1]
SPI_Init                0x080063f9   0x2e  Code  Gb  stm32f10x_spi.o [1]
SPI_ReceiveData         0x08006449    0x4  Code  Gb  stm32f10x_spi.o [1]
SPI_SendData            0x08006445    0x4  Code  Gb  stm32f10x_spi.o [1]
SVCHandler              0x08005e15    0x2  Code  Gb  stm32f10x_it.o [1]
SaveRState              0x20004ff2    0x2  Data  Gb  usb_int.o [1]
SaveTState              0x20004ff4    0x2  Data  Gb  usb_int.o [1]
SetBTABLE               0x08005285   0x10  Code  Gb  usb_regs.o [1]
SetDeviceAddress        0x080046f5   0x40  Code  Gb  usb_core.o [1]
SetEPRxAddr             0x080053a1   0x16  Code  Gb  usb_regs.o [1]
SetEPRxCount            0x08005409   0x40  Code  Gb  usb_regs.o [1]
SetEPRxStatus           0x080052c9   0x22  Code  Gb  usb_regs.o [1]
SetEPRxValid            0x08005311   0x14  Code  Gb  usb_regs.o [1]
SetEPTxAddr             0x08005389   0x16  Code  Gb  usb_regs.o [1]
SetEPTxCount            0x080053ed   0x1c  Code  Gb  usb_regs.o [1]
SetEPTxStatus           0x080052a5   0x22  Code  Gb  usb_regs.o [1]
SetEPTxValid            0x080052f9   0x14  Code  Gb  usb_regs.o [1]
SetEPType               0x08005295   0x10  Code  Gb  usb_regs.o [1]
Set_System              0x080049c1   0xcc  Code  Gb  hw_config.o [1]
Set_USBClock            0x08004a8d   0x12  Code  Gb  hw_config.o [1]
Setup0_Process          0x080045a9   0x7c  Code  Gb  usb_core.o [1]
Standard_ClearFeature   0x080040f5   0xb8  Code  Gb  usb_core.o [1]
Standard_GetConfiguration
                        0x08003fb9   0x16  Code  Gb  usb_core.o [1]
Standard_GetDescriptorData
                        0x08004241   0x18  Code  Gb  usb_core.o [1]
Standard_GetInterface   0x08004001   0x16  Code  Gb  usb_core.o [1]
Standard_GetStatus      0x08004069   0x8c  Code  Gb  usb_core.o [1]
Standard_SetConfiguration
                        0x08003fd1   0x30  Code  Gb  usb_core.o [1]
Standard_SetDeviceFeature
                        0x08004221   0x1a  Code  Gb  usb_core.o [1]
Standard_SetEndPointFeature
                        0x080041b1   0x64  Code  Gb  usb_core.o [1]
Standard_SetInterface   0x08004025   0x3e  Code  Gb  usb_core.o [1]
StartUpCounter          0x20004f78    0x4  Data  Lc  stm32f10x_rcc.o [1]
StatusInfo              0x20004f7c    0x4  Data  Gb  usb_core.o [1]
String_Descriptor       0x20004efc   0x20  Data  Gb  usb_prop.o [1]
SysTickHandler          0x08005e1d    0x2  Code  Gb  stm32f10x_it.o [1]
TAMPER_IRQHandler       0x08005e29    0x2  Code  Gb  stm32f10x_it.o [1]
TIM1_BRK_IRQHandler     0x08005e89    0x2  Code  Gb  stm32f10x_it.o [1]
TIM1_CC_IRQHandler      0x08005e95    0x2  Code  Gb  stm32f10x_it.o [1]
TIM1_TRG_COM_IRQHandler
                        0x08005e91    0x2  Code  Gb  stm32f10x_it.o [1]
TIM1_UP_IRQHandler      0x08005e8d    0x2  Code  Gb  stm32f10x_it.o [1]
TIM2_IRQHandler         0x08005e99    0x2  Code  Gb  stm32f10x_it.o [1]
TIM3_IRQHandler         0x08005e9d    0x2  Code  Gb  stm32f10x_it.o [1]
TIM4_IRQHandler         0x08005ea1    0x2  Code  Gb  stm32f10x_it.o [1]
USART1_IRQHandler       0x08005ebd   0x28  Code  Gb  stm32f10x_it.o [1]
USART2_IRQHandler       0x08005ee5    0x2  Code  Gb  stm32f10x_it.o [1]
USART3_IRQHandler       0x08005ee9    0x2  Code  Gb  stm32f10x_it.o [1]
USART_ClearITPendingBit
                        0x08005bdd    0xe  Code  Gb  stm32f10x_usart.o [1]
USART_Cmd               0x08005b49   0x1c  Code  Gb  stm32f10x_usart.o [1]
USART_Config            0x08004b49   0x8c  Code  Gb  hw_config.o [1]
USART_Config_Default    0x08004b09   0x40  Code  Gb  hw_config.o [1]
USART_GetITStatus       0x08005ba1   0x3c  Code  Gb  stm32f10x_usart.o [1]
USART_ITConfig          0x08005b65   0x34  Code  Gb  stm32f10x_usart.o [1]
USART_Init              0x08005ab1   0x98  Code  Gb  stm32f10x_usart.o [1]
USART_InitStructure     0x20004f1c   0x18  Data  Gb  hw_config.o [1]
USART_ReceiveData       0x08005b99    0x8  Code  Gb  stm32f10x_usart.o [1]
USART_To_USB_Send_Data  0x08004bd9   0x58  Code  Gb  hw_config.o [1]
USBWakeUp_IRQHandler    0x08005ef5    0x2  Code  Gb  stm32f10x_it.o [1]
USB_Cable_Config        0x08004ae9   0x1a  Code  Gb  hw_config.o [1]
USB_HP_CAN_TX_IRQHandler
                        0x08005e6d    0x2  Code  Gb  stm32f10x_it.o [1]
USB_Init                0x08006795   0x24  Code  Gb  usb_init.o [1]
USB_Interrupts_Config   0x08004aa1   0x46  Code  Gb  hw_config.o [1]
USB_Istr                0x0800645d   0x5c  Code  Gb  usb_istr.o [1]
USB_LP_CAN_RX0_IRQHandler
                        0x08005e71    0xa  Code  Gb  stm32f10x_it.o [1]
UsageFaultException     0x08005e0d    0x2  Code  Gb  stm32f10x_it.o [1]
UserToPMABufferCopy     0x08006561   0x26  Code  Gb  usb_mem.o [1]
User_Standard_Requests  0x20004ec8   0x24  Data  Gb  usb_prop.o [1]
Virtual_Com_Port_ConfigDescriptor
                        0x080065a8   0x44  Data  Gb  usb_desc.o [1]
Virtual_Com_Port_Data_Setup
                        0x080051a9   0x4c  Code  Gb  usb_prop.o [1]
Virtual_Com_Port_DeviceDescriptor
                        0x080068c0   0x14  Data  Gb  usb_desc.o [1]
Virtual_Com_Port_GetConfigDescriptor
                        0x08005229   0x10  Code  Gb  usb_prop.o [1]
Virtual_Com_Port_GetDeviceDescriptor
                        0x08005219   0x10  Code  Gb  usb_prop.o [1]
Virtual_Com_Port_GetLineCoding
                        0x08005261    0x8  Code  Gb  usb_prop.o [1]
Virtual_Com_Port_GetStringDescriptor
                        0x08005239   0x18  Code  Gb  usb_prop.o [1]
Virtual_Com_Port_Get_Interface_Setting
                        0x08005251    0xe  Code  Gb  usb_prop.o [1]
Virtual_Com_Port_NoData_Setup
                        0x080051f9   0x1e  Code  Gb  usb_prop.o [1]
Virtual_Com_Port_Reset  0x080050c9   0xc8  Code  Gb  usb_prop.o [1]
Virtual_Com_Port_SetLineCoding
                        0x08005269    0x8  Code  Gb  usb_prop.o [1]
Virtual_Com_Port_Status_In
                        0x08005191   0x14  Code  Gb  usb_prop.o [1]
Virtual_Com_Port_Status_Out
                        0x080051a5    0x2  Code  Gb  usb_prop.o [1]
Virtual_Com_Port_StringLangID
                        0x08006968    0x4  Data  Gb  usb_desc.o [1]
Virtual_Com_Port_StringProduct
                        0x08006624   0x34  Data  Gb  usb_desc.o [1]
Virtual_Com_Port_StringSerial
                        0x08006834   0x18  Data  Gb  usb_desc.o [1]
Virtual_Com_Port_StringVendor
                        0x08006748   0x28  Data  Gb  usb_desc.o [1]
Virtual_Com_Port_init   0x08005079   0x50  Code  Gb  usb_prop.o [1]
WWDG_IRQHandler         0x08005e21    0x2  Code  Gb  stm32f10x_it.o [1]
_GenldDefault           0x08003d05  0x278  Code  Lc  xprintffull.o [3]
_LdtobDefault           0x08003899  0x46c  Code  Lc  xprintffull.o [3]
_LitobDefault           0x08003799  0x100  Code  Lc  xprintffull.o [3]
_Printf                 0x080030ed  0x6ac  Code  Gb  xprintffull.o [3]
_Prout                  0x0800687d   0x16  Code  Gb  xprout.o [3]
_PutcharsDefault        0x08003f7d   0x3a  Code  Lc  xprintffull.o [3]
__BASEPRICONFIG         0x080063e3         Code  Gb  cortexm3_macro.o [1]
__DMB                   0x080063a1         Code  Gb  cortexm3_macro.o [1]
__DSB                   0x0800639b         Code  Gb  cortexm3_macro.o [1]
__GetBASEPRI            0x080063e9         Code  Gb  cortexm3_macro.o [1]
__ISB                   0x08006395         Code  Gb  cortexm3_macro.o [1]
__MRS_CONTROL           0x080063ab         Code  Gb  cortexm3_macro.o [1]
__MRS_MSP               0x080063c7         Code  Gb  cortexm3_macro.o [1]
__MRS_PSP               0x080063bb         Code  Gb  cortexm3_macro.o [1]
__MSR_CONTROL           0x080063b1         Code  Gb  cortexm3_macro.o [1]
__MSR_MSP               0x080063cd         Code  Gb  cortexm3_macro.o [1]
__MSR_PSP               0x080063c1         Code  Gb  cortexm3_macro.o [1]
__RESETFAULTMASK        0x080063df         Code  Gb  cortexm3_macro.o [1]
__RESETPRIMASK          0x080063d7         Code  Gb  cortexm3_macro.o [1]
__REV_HalfWord          0x080063ef         Code  Gb  cortexm3_macro.o [1]
__REV_Word              0x080063f3         Code  Gb  cortexm3_macro.o [1]
__SETFAULTMASK          0x080063db         Code  Gb  cortexm3_macro.o [1]
__SETPRIMASK            0x080063d3         Code  Gb  cortexm3_macro.o [1]
__SEV                   0x08006391         Code  Gb  cortexm3_macro.o [1]
__SVC                   0x080063a7         Code  Gb  cortexm3_macro.o [1]
__WFE                   0x0800638d         Code  Gb  cortexm3_macro.o [1]
__WFI                   0x08006389         Code  Gb  cortexm3_macro.o [1]
__aeabi_cdcmple         0x0800668d         Code  Gb  DblCmpLe.o [4]
__aeabi_cdrcmple        0x080066bd         Code  Gb  DblCmpGe.o [4]
__aeabi_d2iz            0x080064b9         Code  Gb  DblToI32.o [4]
__aeabi_d2uiz           0x080064e5         Code  Gb  DblToI32.o [4]
__aeabi_dadd            0x08005ef9         Code  Gb  DblAdd.o [4]
__aeabi_ddiv            0x08004739         Code  Gb  DblDiv.o [4]
__aeabi_dmul            0x08005631         Code  Gb  DblMul.o [4]
__aeabi_dsub            0x080057d5         Code  Gb  DblSub.o [4]
__aeabi_i2d             0x080066ed         Code  Gb  I32ToDbl.o [4]
__aeabi_idiv0           0x08006971         Code  Gb  IntDivZer.o [4]
__aeabi_ldiv0           0x08006975         Code  Gb  I64DivZer.o [4]
__aeabi_ldivmod         0x08006015         Code  Gb  I64DivMod.o [4]
__aeabi_memcpy          0x08005475         Code  Gb  ABImemcpy.o [4]
__aeabi_memcpy4         0x0800548f         Code  Gb  ABImemcpy.o [4]
__aeabi_memcpy8         0x0800548f         Code  Gb  ABImemcpy.o [4]
__aeabi_ui2d            0x08006701         Code  Gb  I32ToDbl.o [4]
__aeabi_uidiv           0x080068d5         Code  Gb  I32DivMod.o [4]
__aeabi_uidivmod        0x080068d5         Code  Gb  I32DivMod.o [4]
__aeabi_uldivmod        0x08006029         Code  Gb  I64DivMod.o [4]
__exit                  0x080068fd   0x10  Code  Gb  exit.o [5]
__iar_Dnorm             0x080062dd   0xaa  Code  Gb  xdnorm.o [3]
__iar_Dscale            0x08005bed  0x114  Code  Gb  xdscale.o [3]
__iar_Memchr            0x08006865         Code  Gb  memchr.o [4]
__iar_Strchr            0x080068e9         Code  Gb  strchr.o [4]
__iar_SubNrmlX          0x080065ed         Code  Gb  DblSubNrml.o [4]
__iar_SubNrmlY          0x08006609         Code  Gb  DblSubNrml.o [4]
__iar_copy_init         0x0800690d   0x10  Code  Gb  copy_init.o [4]
__iar_d2uiz             0x080064ef         Code  Gb  DblToI32.o [4]
__iar_dadd              0x08005f0b         Code  Gb  DblAdd.o [4]
__iar_data_init         0x080067b9   0x24  Code  Gb  data_init.o [4]
__iar_dsub              0x080057e7         Code  Gb  DblSub.o [4]
__iar_dsubStart         0x080057fb         Code  Gb  DblSub.o [4]
__iar_program_start     0x0800684d         Code  Gb  cmain.o [4]
__iar_ui2d              0x08006703         Code  Gb  I32ToDbl.o [4]
__iar_zero_init         0x0800692d    0xe  Code  Gb  zero_init.o [4]
__low_level_init        0x0800696d    0x4  Code  Gb  low_level_init.o [3]
__vector_table          0x08003000   0xec  Data  Gb  stm32f10x_vector.o [1]
_exit                   0x0800693d         Code  Gb  cexit.o [4]
_main                   0x0800685f         Code  Gb  cmain.o [4]
bDeviceState            0x20004ffd    0x1  Data  Gb  usb_pwr.o [1]
bIntPackSOF             0x20004ff6    0x1  Data  Gb  usb_istr.o [1]
buffer_in               0x20004f34   0x40  Data  Gb  hw_config.o [1]
buffer_out              0x20004f84   0x40  Data  Gb  usb_endp.o [1]
count_in                0x20004fc4    0x4  Data  Gb  usb_endp.o [1]
count_out               0x20004f80    0x4  Data  Gb  usb_endp.o [1]
div                     0x08006895   0x16  Code  Gb  div.o [3]
exit                    0x08006961    0x8  Code  Gb  exit.o [3]
linecoding              0x20004e8c    0x8  Data  Gb  usb_prop.o [1]
main                    0x08005d59   0xa4  Code  Gb  main.o [1]
memchr                  0x08006865         Code  Gb  memchr.o [4]
pEpInt_IN               0x20004e54   0x1c  Data  Gb  usb_istr.o [1]
pEpInt_OUT              0x20004e70   0x1c  Data  Gb  usb_istr.o [1]
pInformation            0x20004fe4    0x4  Data  Gb  usb_init.o [1]
pProperty               0x20004fe8    0x4  Data  Gb  usb_init.o [1]
pUser_Standard_Requests
                        0x20004fec    0x4  Data  Gb  usb_init.o [1]
printf                  0x080067fd   0x20  Code  Gb  printf.o [3]
putchar                 0x08005d01   0x30  Code  Gb  main.o [1]
strchr                  0x080068e9         Code  Gb  strchr.o [4]
strlen                  0x0800691d         Code  Gb  strlen.o [4]
timer                   0x08005d45    0xa  Code  Gb  main.o [1]
wInterrupt_Mask         0x20004ff0    0x2  Data  Gb  usb_init.o [1]
wIstr                   0x20004ff8    0x2  Data  Gb  usb_istr.o [1]


[1] = G:\DDS\vsd\vsd2\Release\Obj
[2] = command line
[3] = dl7M_tl_in.a
[4] = rt7M_tl.a
[5] = shb_l.a

  13 880 bytes of readonly  code memory
     830 bytes of readonly  data memory
     426 bytes of readwrite data memory

Errors: none
Warnings: none
