###############################################################################
#
# IAR ELF Linker V7.40.2.8542/W32 for ARM                 04/Jun/2015  22:50:49
# Copyright 2007-2015 IAR Systems AB.
#
#    Output file  =  Z:\Release\Exe\vsd2.out
#    Map file     =  Z:\Release\List\vsd2.map
#    Command line =  
#        Z:\Release\Obj\cortexm3_macro.o Z:\Release\Obj\hw_config.o
#        Z:\Release\Obj\main.o Z:\Release\Obj\main2.o
#        Z:\Release\Obj\stm32f10x_adc.o Z:\Release\Obj\stm32f10x_flash.o
#        Z:\Release\Obj\stm32f10x_gpio.o Z:\Release\Obj\stm32f10x_it.o
#        Z:\Release\Obj\stm32f10x_lib.o Z:\Release\Obj\stm32f10x_nvic.o
#        Z:\Release\Obj\stm32f10x_rcc.o Z:\Release\Obj\stm32f10x_spi.o
#        Z:\Release\Obj\stm32f10x_tim.o Z:\Release\Obj\stm32f10x_usart.o
#        Z:\Release\Obj\stm32f10x_vector.o Z:\Release\Obj\usart.o --redirect
#        _Printf=_PrintfFull --redirect _Scanf=_ScanfFull -o
#        Z:\Release\Exe\vsd2.out --map Z:\Release\List\vsd2.map --config
#        Z:\STM32F10x_FLASH.icf --semihosting --entry __iar_program_start
#        --inline --vfe
#
###############################################################################

*******************************************************************************
*** RUNTIME MODEL ATTRIBUTES
***

CppFlavor       = *
__SystemLibrary = DLib


*******************************************************************************
*** PLACEMENT SUMMARY
***

"A1":  place at 0x08003000 { ro section .intvec };
"P1":  place in [from 0x080030ec to 0x0801ffff] { ro };
"P2":  place in [from 0x20004fe4 to 0x20004fff] { block RAM_Block };

  Section            Kind        Address    Size  Object
  -------            ----        -------    ----  ------
"A1":                                       0xec
  .intvec            const    0x08003000    0xec  stm32f10x_vector.o [1]
                            - 0x080030ec    0xec

"P1":                                     0x2da4
  .text              ro code  0x080030ec   0xdae  xprintffull.o [3]
  .text              ro code  0x08003e9a    0x22  zero_init3.o [5]
  .text              ro code  0x08003ebc    0x16  strchr.o [5]
  .text              ro code  0x08003ed2     0xa  xsprout.o [3]
  .text              ro code  0x08003edc    0x36  strlen.o [5]
  .text              ro code  0x08003f14    0x58  memchr.o [5]
  .text              ro code  0x08003f6c    0xee  I64DivMod.o [5]
  .text              ro code  0x0800405c    0x76  ABImemcpy_unaligned.o [5]
  .text              ro code  0x080040d2    0x42  xdnorm.o [4]
  .text              ro code  0x08004114    0x2e  DblCmpLe.o [4]
  .text              ro code  0x08004144    0x2e  DblCmpGe.o [4]
  .text              ro code  0x08004174   0x110  xdscale.o [4]
  .text              ro code  0x08004284    0x58  DblToI32.o [4]
  .text              ro code  0x080042dc    0x30  I32ToDbl.o [4]
  .text              ro code  0x0800430c   0x180  DblSub.o [4]
  .text              ro code  0x0800448c   0x1a2  DblMul.o [4]
  .text              ro code  0x08004630   0x256  DblDiv.o [4]
  .text              ro code  0x08004886     0xe  div.o [3]
  .text              ro code  0x08004894     0x2  I64DivZer.o [5]
  .text              ro code  0x08004898    0xd4  DblAdd.o [4]
  .text              ro code  0x0800496c   0x7ec  main2.o [1]
  .text              ro code  0x08005158   0x1c4  usart.o [1]
  .text              ro code  0x0800531c   0x224  stm32f10x_rcc.o [1]
  .text              ro code  0x08005540    0x50  stm32f10x_tim.o [1]
  .text              ro code  0x08005590    0xf0  stm32f10x_gpio.o [1]
  .text              ro code  0x08005680   0x132  stm32f10x_adc.o [1]
  .text              ro code  0x080057b4    0xb0  stm32f10x_nvic.o [1]
  .text              ro code  0x08005864   0x164  stm32f10x_usart.o [1]
  .text              ro code  0x080059c8    0xe6  hw_config.o [1]
  .text              ro code  0x08005ab0    0x24  stm32f10x_flash.o [1]
  .text              ro code  0x08005ad4    0xac  main.o [1]
  .text              ro code  0x08005b80     0x6  ABImemclr4.o [5]
  .text              ro code  0x08005b88    0x32  ABImemset48.o [5]
  CODE               ro code  0x08005bbc    0x6e  cortexm3_macro.o [1]
  .text              ro code  0x08005c2c    0x6c  iarttio.o [6]
  .text              ro code  0x08005c98     0x8  XShttio.o [3]
  .text              ro code  0x08005ca0    0x35  puts.o [3]
  .text              ro code  0x08005cd6    0x10  write.o [6]
  .text              ro code  0x08005ce6    0x1e  dwrite.o [6]
  .text              ro code  0x08005d04    0x20  iarwstd.o [6]
  .text              ro code  0x08005d24    0x22  iarwrite.o [6]
  .text              ro code  0x08005d48    0x34  sprintf.o [3]
  .text              ro code  0x08005d7c    0x2c  copy_init3.o [5]
  .text              ro code  0x08005da8    0x28  data_init.o [5]
  .text              ro code  0x08005dd0    0x24  printf.o [3]
  .iar.init_table    const    0x08005df4    0x2c  - Linker created -
  .text              ro code  0x08005e20    0x1a  cmain.o [5]
  .text              ro code  0x08005e3a     0x4  exit.o [3]
  .text              ro code  0x08005e40     0xa  cexit.o [5]
  .text              ro code  0x08005e4c    0x14  exit.o [6]
  .text              ro code  0x08005e60    0x16  xprout.o [3]
  .text              ro code  0x08005e76     0xc  cstartup_M.o [5]
  Initializer bytes  const    0x08005e84     0x8  <for rw-1>
  .text              ro code  0x08005e8c     0x4  stm32f10x_it.o [1]
  .rodata            const    0x08005e90     0x0  zero_init3.o [5]
  .rodata            const    0x08005e90     0x0  copy_init3.o [5]
                            - 0x08005e90  0x2da4

"P2":                                       0x1c
  RAM_Block                   0x20004fe4    0x1c  <Block>
    CSTACK                    0x20004fe4     0x0  <Block>
    rw-1                      0x20004fe4     0x8  <Init block>
      .data          inited   0x20004fe4     0x8  XShttio.o [3]
    .bss             zero     0x20004fec     0x4  main2.o [1]
    .bss             zero     0x20004ff0     0x8  stm32f10x_rcc.o [1]
    .bss             zero     0x20004ff8     0x1  hw_config.o [1]
    .ButtomOfSram    zero     0x20004ffc     0x4  usart.o [1]
                            - 0x20005000    0x1c


*******************************************************************************
*** INIT TABLE
***

          Address     Size
          -------     ----
Zero (__iar_zero_init3)
    2 destination ranges, total size 0x11:
          0x20004fec   0xd
          0x20004ffc   0x4

Copy (__iar_copy_init3)
    1 source range, total size 0x8:
          0x08005e84   0x8
    1 destination range, total size 0x8:
          0x20004fe4   0x8



*******************************************************************************
*** MODULE SUMMARY
***

    Module                 ro code  ro data  rw data
    ------                 -------  -------  -------
Z:\Release\Obj: [1]
    cortexm3_macro.o           110
    hw_config.o                230                 1
    main.o                     172
    main2.o                  2 028                 4
    stm32f10x_adc.o            306
    stm32f10x_flash.o           36
    stm32f10x_gpio.o           240
    stm32f10x_it.o               4
    stm32f10x_nvic.o           176
    stm32f10x_rcc.o            548                 8
    stm32f10x_tim.o             80
    stm32f10x_usart.o          356
    stm32f10x_vector.o                  236
    usart.o                    452                 4
    ------------------------------------------------
    Total:                   4 738      236       17

command line: [2]
    ------------------------------------------------
    Total:

dl7M_tln.a: [3]
    XShttio.o                    8        8        8
    div.o                       14
    exit.o                       4
    printf.o                    36
    puts.o                      53
    sprintf.o                   52
    xprintffull.o            3 502
    xprout.o                    22
    xsprout.o                   10
    ------------------------------------------------
    Total:                   3 701        8        8

m7M_tl.a: [4]
    DblAdd.o                   212
    DblCmpGe.o                  46
    DblCmpLe.o                  46
    DblDiv.o                   598
    DblMul.o                   418
    DblSub.o                   384
    DblToI32.o                  88
    I32ToDbl.o                  48
    xdnorm.o                    66
    xdscale.o                  272
    ------------------------------------------------
    Total:                   2 178

rt7M_tl.a: [5]
    ABImemclr4.o                 6
    ABImemcpy_unaligned.o      118
    ABImemset48.o               50
    I64DivMod.o                238
    I64DivZer.o                  2
    cexit.o                     10
    cmain.o                     26
    copy_init3.o                44
    cstartup_M.o                12
    data_init.o                 40
    memchr.o                    88
    strchr.o                    22
    strlen.o                    54
    zero_init3.o                34
    ------------------------------------------------
    Total:                     744

shb_l.a: [6]
    dwrite.o                    30
    exit.o                      20
    iarttio.o                  108
    iarwrite.o                  34
    iarwstd.o                   32
    write.o                     16
    ------------------------------------------------
    Total:                     240

    Gaps                        29                 3
    Linker created                       46
----------------------------------------------------
    Grand Total:            11 630      290       28


*******************************************************************************
*** ENTRY LIST
***

Entry                      Address   Size  Type      Object
-----                      -------   ----  ----      ------
.iar.init_table$$Base   0x08005df4          --   Gb  - Linker created -
.iar.init_table$$Limit  0x08005e20          --   Gb  - Linker created -
?main                   0x08005e21         Code  Gb  cmain.o [5]
ADCPrescTable           0x0800553c    0x4  Data  Lc  stm32f10x_rcc.o [1]
ADC_Cmd                 0x080056cf   0x12  Code  Gb  stm32f10x_adc.o [1]
ADC_ExternalTrigInjectedConvConfig
                        0x08005705    0xc  Code  Gb  stm32f10x_adc.o [1]
ADC_GetCalibrationStatus
                        0x080056fb    0x4  Code  Gb  stm32f10x_adc.o [1]
ADC_GetFlagStatus       0x080057a5    0xe  Code  Gb  stm32f10x_adc.o [1]
ADC_GetInjectedConversionValue
                        0x08005793    0x8  Code  Gb  stm32f10x_adc.o [1]
ADC_GetResetCalibrationStatus
                        0x080056eb    0x6  Code  Gb  stm32f10x_adc.o [1]
ADC_Init                0x08005681   0x3c  Code  Gb  stm32f10x_adc.o [1]
ADC_InjectedChannelConfig
                        0x08005723   0x22  Code  Gb  stm32f10x_adc.o [1]
ADC_InjectedSequencerLengthConfig
                        0x08005781   0x12  Code  Gb  stm32f10x_adc.o [1]
ADC_ResetCalibration    0x080056e1    0xa  Code  Gb  stm32f10x_adc.o [1]
ADC_SoftwareStartInjectedConvCmd
                        0x08005711   0x12  Code  Gb  stm32f10x_adc.o [1]
ADC_StartCalibration    0x080056f1    0xa  Code  Gb  stm32f10x_adc.o [1]
ADC_StructInit          0x080056bd   0x12  Code  Gb  stm32f10x_adc.o [1]
APBAHBPrescTable        0x0800552c   0x10  Data  Lc  stm32f10x_rcc.o [1]
AdcInit                 0x08004ae9  0x106  Code  Gb  main2.o [1]
CSTACK$$Base            0x20004fe4          --   Gb  - Linker created -
CSTACK$$Limit           0x20004fe4          --   Gb  - Linker created -
Calibration             0x08004fef   0x20  Code  Gb  main2.o [1]
CheckStartByGSensor     0x08004f8f   0x42  Code  Gb  main2.o [1]
ComputeMeterSpeed       0x08004d89   0x8e  Code  Gb  main2.o [1]
ComputeMeterTacho       0x08004d3f   0x4a  Code  Gb  main2.o [1]
EXTI0_IRQHandler        0x08004ca7   0x4e  Code  Gb  main2.o [1]
EXTI1_IRQHandler        0x08004cf5   0x1e  Code  Gb  main2.o [1]
EXTI2_IRQHandler        0x08004d13   0x2c  Code  Gb  main2.o [1]
FLASH_PrefetchBufferCmd
                        0x08005ac5    0xa  Code  Gb  stm32f10x_flash.o [1]
FLASH_SetLatency        0x08005ab1    0xa  Code  Gb  stm32f10x_flash.o [1]
GPIO_EXTILineConfig     0x08005659   0x22  Code  Gb  stm32f10x_gpio.o [1]
GPIO_Init               0x08005591   0xb8  Code  Gb  stm32f10x_gpio.o [1]
GPIO_StructInit         0x08005649   0x10  Code  Gb  stm32f10x_gpio.o [1]
GetCurrentTime          0x08004ac7   0x1a  Code  Gb  main2.o [1]
GetCurrentTime16        0x08004ae1    0x8  Code  Gb  main2.o [1]
GetHex                  0x08004999   0x22  Code  Gb  main2.o [1]
HSEStartUpStatus        0x20004ff8    0x1  Data  Gb  hw_config.o [1]
HSEStatus               0x20004ff0    0x1  Data  Lc  stm32f10x_rcc.o [1]
InputSerial             0x08004ed5   0xba  Code  Gb  main2.o [1]
IntHandlerLoop          0x08005e8f    0x2  Code  Gb  stm32f10x_it.o [1]
IntHandlerNop           0x08005e8d    0x2  Code  Gb  stm32f10x_it.o [1]
JumpTo                  0x08004991    0x8  Code  Lc  main2.o [1]
LoadBin                 0x08004a4d   0x1a  Code  Gb  main2.o [1]
LoadBinSub              0x08004a11   0x22  Code  Gb  main2.o [1]
LoadInt                 0x08003679   0x6e  Code  Lc  xprintffull.o [3]
LoadSRecord             0x080049f7   0x1a  Code  Gb  main2.o [1]
LoadSRecordSub          0x080049bb   0x3c  Code  Gb  main2.o [1]
NVIC_Init               0x080057bf   0x7e  Code  Gb  stm32f10x_nvic.o [1]
NVIC_PriorityGroupConfig
                        0x080057b5    0xa  Code  Gb  stm32f10x_nvic.o [1]
NVIC_SetVectorTable     0x0800583d    0xc  Code  Gb  stm32f10x_nvic.o [1]
NvicIntDisable          0x0800497b    0xc  Code  Lc  main2.o [1]
NvicIntEnable           0x0800496d    0xe  Code  Lc  main2.o [1]
OutputSerial            0x08004e81   0x50  Code  Gb  main2.o [1]
PulseInit               0x08004bf5   0x9c  Code  Gb  main2.o [1]
RAM_Block$$Base         0x20004fe4          --   Gb  - Linker created -
RAM_Block$$Limit        0x20005000          --   Gb  - Linker created -
RCC_ADCCLKConfig        0x0800540d    0xa  Code  Gb  stm32f10x_rcc.o [1]
RCC_APB1PeriphClockCmd  0x080054a3   0x12  Code  Gb  stm32f10x_rcc.o [1]
RCC_APB1PeriphResetCmd  0x080054c7   0x12  Code  Gb  stm32f10x_rcc.o [1]
RCC_APB2PeriphClockCmd  0x08005491   0x12  Code  Gb  stm32f10x_rcc.o [1]
RCC_APB2PeriphResetCmd  0x080054b5   0x12  Code  Gb  stm32f10x_rcc.o [1]
RCC_DeInit              0x0800531d   0x40  Code  Gb  stm32f10x_rcc.o [1]
RCC_GetClocksFreq       0x08005417   0x7a  Code  Gb  stm32f10x_rcc.o [1]
RCC_GetFlagStatus       0x080054d9   0x22  Code  Gb  stm32f10x_rcc.o [1]
RCC_GetSYSCLKSource     0x080053db    0xa  Code  Gb  stm32f10x_rcc.o [1]
RCC_HCLKConfig          0x080053e5    0xa  Code  Gb  stm32f10x_rcc.o [1]
RCC_HSEConfig           0x0800535d   0x32  Code  Gb  stm32f10x_rcc.o [1]
RCC_PCLK1Config         0x080053ef    0x8  Code  Gb  stm32f10x_rcc.o [1]
RCC_PCLK2Config         0x080053fd    0x8  Code  Gb  stm32f10x_rcc.o [1]
RCC_PLLCmd              0x080053c7    0x6  Code  Gb  stm32f10x_rcc.o [1]
RCC_PLLConfig           0x080053b7   0x10  Code  Gb  stm32f10x_rcc.o [1]
RCC_SYSCLKConfig        0x080053cd    0xe  Code  Gb  stm32f10x_rcc.o [1]
RCC_WaitForHSEStartUp   0x0800538f   0x28  Code  Gb  stm32f10x_rcc.o [1]
Region$$Table$$Base     0x08005df4          --   Gb  - Linker created -
Region$$Table$$Limit    0x08005e20          --   Gb  - Linker created -
SdcInit                 0x08004e17   0x26  Code  Gb  main2.o [1]
SdcInserted             0x08004e45   0x10  Code  Gb  main2.o [1]
SerialPack              0x08004e55   0x2c  Code  Gb  main2.o [1]
Set_System              0x080059c9   0xcc  Code  Gb  hw_config.o [1]
StartUpCounter          0x20004ff4    0x4  Data  Lc  stm32f10x_rcc.o [1]
TIM_DeInit              0x08005541   0x46  Code  Gb  stm32f10x_tim.o [1]
TimerInit               0x08004a7d   0x4a  Code  Gb  main2.o [1]
USART1_IRQHandler       0x080051f7   0x64  Code  Gb  usart.o [1]
USART_Cmd               0x08005975   0x14  Code  Gb  stm32f10x_usart.o [1]
USART_DeInit            0x08005865   0x58  Code  Gb  stm32f10x_usart.o [1]
USART_ITConfig          0x08005989   0x30  Code  Gb  stm32f10x_usart.o [1]
USART_Init              0x080058bd   0x8a  Code  Gb  stm32f10x_usart.o [1]
USART_ReceiveData       0x080059c1    0x8  Code  Gb  stm32f10x_usart.o [1]
USART_SendData          0x080059b9    0x8  Code  Gb  stm32f10x_usart.o [1]
USART_StructInit        0x08005955   0x20  Code  Gb  stm32f10x_usart.o [1]
UsartGetcharBuffered    0x080052bf   0x1e  Code  Gb  usart.o [1]
UsartGetcharUnbuffered  0x080052ad    0xc  Code  Gb  usart.o [1]
UsartGetcharWaitUnbuffered
                        0x080052f9    0xe  Code  Gb  usart.o [1]
UsartInit               0x08005159   0x9e  Code  Gb  usart.o [1]
UsartPutcharBuffered    0x08005271   0x2e  Code  Gb  usart.o [1]
UsartPutcharUnbuffered  0x0800525b   0x16  Code  Gb  usart.o [1]
UsartPutstrUnbuffered   0x08005307   0x16  Code  Gb  usart.o [1]
WaitStateChange         0x0800500f   0xa4  Code  Gb  main2.o [1]
_GenldFull              0x08003bef  0x264  Code  Lc  xprintffull.o [3]
_LdtobFull              0x080037ed  0x3fc  Code  Lc  xprintffull.o [3]
_LitobFull              0x080036e7  0x106  Code  Lc  xprintffull.o [3]
_PrintfFull             0x080030ed  0x586  Code  Gb  xprintffull.o [3]
_Prout                  0x08005e61   0x16  Code  Gb  xprout.o [3]
_PutcharsFull           0x08003e53   0x2e  Code  Lc  xprintffull.o [3]
_SProut                 0x08003ed3    0xa  Code  Gb  xsprout.o [3]
__BASEPRICONFIG         0x08005c17         Code  Gb  cortexm3_macro.o [1]
__DMB                   0x08005bd5         Code  Gb  cortexm3_macro.o [1]
__DSB                   0x08005bcf         Code  Gb  cortexm3_macro.o [1]
__GetBASEPRI            0x08005c1d         Code  Gb  cortexm3_macro.o [1]
__ISB                   0x08005bc9         Code  Gb  cortexm3_macro.o [1]
__MRS_CONTROL           0x08005bdf         Code  Gb  cortexm3_macro.o [1]
__MRS_MSP               0x08005bfb         Code  Gb  cortexm3_macro.o [1]
__MRS_PSP               0x08005bef         Code  Gb  cortexm3_macro.o [1]
__MSR_CONTROL           0x08005be5         Code  Gb  cortexm3_macro.o [1]
__MSR_MSP               0x08005c01         Code  Gb  cortexm3_macro.o [1]
__MSR_PSP               0x08005bf5         Code  Gb  cortexm3_macro.o [1]
__RESETFAULTMASK        0x08005c13         Code  Gb  cortexm3_macro.o [1]
__RESETPRIMASK          0x08005c0b         Code  Gb  cortexm3_macro.o [1]
__REV_HalfWord          0x08005c23         Code  Gb  cortexm3_macro.o [1]
__REV_Word              0x08005c27         Code  Gb  cortexm3_macro.o [1]
__SETFAULTMASK          0x08005c0f         Code  Gb  cortexm3_macro.o [1]
__SETPRIMASK            0x08005c07         Code  Gb  cortexm3_macro.o [1]
__SEV                   0x08005bc5         Code  Gb  cortexm3_macro.o [1]
__SVC                   0x08005bdb         Code  Gb  cortexm3_macro.o [1]
__WFE                   0x08005bc1         Code  Gb  cortexm3_macro.o [1]
__WFI                   0x08005bbd         Code  Gb  cortexm3_macro.o [1]
__aeabi_cdcmple         0x08004115         Code  Gb  DblCmpLe.o [4]
__aeabi_cdrcmple        0x08004145         Code  Gb  DblCmpGe.o [4]
__aeabi_d2iz            0x08004285         Code  Gb  DblToI32.o [4]
__aeabi_d2uiz           0x080042b1         Code  Gb  DblToI32.o [4]
__aeabi_ddiv            0x08004631         Code  Gb  DblDiv.o [4]
__aeabi_dmul            0x0800448d         Code  Gb  DblMul.o [4]
__aeabi_dsub            0x0800430d         Code  Gb  DblSub.o [4]
__aeabi_i2d             0x080042dd         Code  Gb  I32ToDbl.o [4]
__aeabi_ldiv0           0x08004895         Code  Gb  I64DivZer.o [5]
__aeabi_memclr4         0x08005b81         Code  Gb  ABImemclr4.o [5]
__aeabi_ui2d            0x080042f1         Code  Gb  I32ToDbl.o [4]
__aeabi_uldivmod        0x08003f6d         Code  Gb  I64DivMod.o [5]
__cmain                 0x08005e21         Code  Gb  cmain.o [5]
__dwrite                0x08005ce7   0x1e  Code  Gb  dwrite.o [6]
__exit                  0x08005e4d   0x14  Code  Gb  exit.o [6]
__iar_Dnorm             0x080040d3   0x42  Code  Gb  xdnorm.o [4]
__iar_Dscale            0x08004175  0x110  Code  Gb  xdscale.o [4]
__iar_Memchr            0x08003f15         Code  Gb  memchr.o [5]
__iar_Memset4_word      0x08005b89         Code  Gb  ABImemset48.o [5]
__iar_Memset8_word      0x08005b89         Code  Gb  ABImemset48.o [5]
__iar_Strchr            0x08003ebd         Code  Gb  strchr.o [5]
__iar_close_ttio        0x08005c2d   0x2e  Code  Gb  iarttio.o [6]
__iar_copy_init3        0x08005d7d   0x2c  Code  Gb  copy_init3.o [5]
__iar_d2uiz             0x080042bd         Code  Gb  DblToI32.o [4]
__iar_dadd              0x08004899         Code  Gb  DblAdd.o [4]
__iar_data_init3        0x08005da9   0x28  Code  Gb  data_init.o [5]
__iar_dsub              0x08004321         Code  Gb  DblSub.o [4]
__iar_dsubStart         0x08004333         Code  Gb  DblSub.o [4]
__iar_get_ttio          0x08005c5d   0x38  Code  Gb  iarttio.o [6]
__iar_lookup_ttioh      0x08005c99    0x8  Code  Gb  XShttio.o [3]
__iar_program_start     0x08005e77         Code  Gb  cstartup_M.o [5]
__iar_sh_stdout         0x08005d05   0x20  Code  Gb  iarwstd.o [6]
__iar_sh_write          0x08005d25   0x22  Code  Gb  iarwrite.o [6]
__iar_ttio_handles      0x20004fe4    0x8  Data  Lc  XShttio.o [3]
__iar_ui2d              0x080042f5         Code  Gb  I32ToDbl.o [4]
__iar_unaligned___aeabi_memcpy
                        0x0800405d         Code  Gb  ABImemcpy_unaligned.o [5]
__iar_unaligned___aeabi_memcpy4
                        0x0800407d         Code  Gb  ABImemcpy_unaligned.o [5]
__iar_unaligned___aeabi_memcpy8
                        0x0800407d         Code  Gb  ABImemcpy_unaligned.o [5]
__iar_zero_init3        0x08003e9b   0x22  Code  Gb  zero_init3.o [5]
__vector_table          0x08003000   0xec  Data  Gb  stm32f10x_vector.o [1]
__write                 0x08005cd7   0x10  Code  Gb  write.o [6]
_call_main              0x08005e2d         Code  Gb  cmain.o [5]
_exit                   0x08005e41         Code  Gb  cexit.o [5]
_main                   0x08005e37         Code  Gb  cmain.o [5]
div                     0x08004887    0xe  Code  Gb  div.o [3]
exit                    0x08005e3b    0x4  Code  Gb  exit.o [3]
g_pUsartBuf             0x20004ffc    0x4  Data  Gb  usart.o [1]
g_pVsd                  0x20004fec    0x4  Data  Gb  main2.o [1]
getchar                 0x080052dd    0xe  Code  Gb  usart.o [1]
main                    0x08005ad5   0xa0  Code  Gb  main.o [1]
memchr                  0x08003f15         Code  Gb  memchr.o [5]
printf                  0x08005dd1   0x24  Code  Gb  printf.o [3]
putchar                 0x0800529f    0xe  Code  Gb  usart.o [1]
puts                    0x08005ca1   0x34  Code  Gb  puts.o [3]
sprintf                 0x08005d49   0x34  Code  Gb  sprintf.o [3]
strchr                  0x08003ebd         Code  Gb  strchr.o [5]
strlen                  0x08003edd         Code  Gb  strlen.o [5]


[1] = Z:\Release\Obj
[2] = command line
[3] = dl7M_tln.a
[4] = m7M_tl.a
[5] = rt7M_tl.a
[6] = shb_l.a

  11 630 bytes of readonly  code memory
     290 bytes of readonly  data memory
      28 bytes of readwrite data memory

Errors: none
Warnings: none
