###############################################################################
#
# IAR ELF Linker V7.40.2.8542/W32 for ARM                 18/Jun/2015  22:15:32
# Copyright 2007-2015 IAR Systems AB.
#
#    Output file  =  Z:\Release\Exe\vsd2.out
#    Map file     =  Z:\Release\List\vsd2.map
#    Command line =  
#        Z:\Release\Obj\cortexm3_macro.o Z:\Release\Obj\diskio.o
#        Z:\Release\Obj\ff.o Z:\Release\Obj\hw_config.o Z:\Release\Obj\main.o
#        Z:\Release\Obj\msd.o Z:\Release\Obj\stm32f10x_adc.o
#        Z:\Release\Obj\stm32f10x_flash.o Z:\Release\Obj\stm32f10x_gpio.o
#        Z:\Release\Obj\stm32f10x_iwdg.o Z:\Release\Obj\stm32f10x_lib.o
#        Z:\Release\Obj\stm32f10x_nvic.o Z:\Release\Obj\stm32f10x_rcc.o
#        Z:\Release\Obj\stm32f10x_spi.o Z:\Release\Obj\stm32f10x_tim.o
#        Z:\Release\Obj\stm32f10x_usart.o Z:\Release\Obj\stm32f10x_vector.o
#        Z:\Release\Obj\usart.o --redirect _Printf=_PrintfFull --redirect
#        _Scanf=_ScanfFull -o Z:\Release\Exe\vsd2.out --map
#        Z:\Release\List\vsd2.map --config Z:\STM32F10x_FLASH.icf --no_remove
#        --semihosting --entry __iar_program_start --inline --vfe
#
###############################################################################

*******************************************************************************
*** RUNTIME MODEL ATTRIBUTES
***

CppFlavor       = *
__SystemLibrary = DLib


*******************************************************************************
*** PLACEMENT SUMMARY
***

"A1":  place at 0x08003000 { ro section .intvec };
"P1":  place in [from 0x080030ec to 0x0801ffff] { ro };
"P2":  place in [from 0x20004fe4 to 0x20004fff] { block RAM_Block };

  Section                Kind        Address    Size  Object
  -------                ----        -------    ----  ------
"A1":                                           0xec
  .intvec                const    0x08003000    0xec  diskio.o [1]
                                - 0x080030ec    0xec

"P1":                                         0x7ee0
  .text                  ro code  0x080030ec  0x5fec  diskio.o [1]
  .text                  ro code  0x080090d8    0x66  ABImemset.o [5]
  .text                  ro code  0x0800913e    0x2a  strncmp.o [3]
  .text                  ro code  0x08009168    0x62  memcmp_unaligned.o [5]
  .text                  ro code  0x080091ca    0x22  zero_init3.o [5]
  .text                  ro code  0x080091ec     0x6  ABImemclr.o [5]
  .text                  ro code  0x080091f2     0xa  xsprout.o [3]
  .text                  ro code  0x080091fc     0x6  ABImemclr4.o [5]
  .text                  ro code  0x08009204    0x76  ABImemcpy_unaligned.o [5]
  .text                  ro code  0x0800927c     0x8  diskio.o [1]
  .text                  ro code  0x08009284    0x30  I32ToDbl.o [4]
  .text                  ro code  0x080092b4   0x256  DblDiv.o [4]
  .text                  ro code  0x0800950c    0x58  DblToI32.o [4]
  .text                  ro code  0x08009564   0x1a2  DblMul.o [4]
  .text                  ro code  0x08009708    0xe8  DblAdd.o [4]
  CODE                   ro code  0x080097f0    0x6e  cortexm3_macro.o [1]
  .text                  ro code  0x08009860    0x3a  ABImemset48.o [5]
  .text                  ro code  0x0800989c   0x180  DblSub.o [4]
  .text                  ro code  0x08009a1c   0xdae  xprintffull.o [3]
  .text                  ro code  0x0800a7cc    0x16  strchr.o [5]
  .text                  ro code  0x0800a7e4    0x36  strlen.o [5]
  .text                  ro code  0x0800a81c    0x58  memchr.o [5]
  .text                  ro code  0x0800a874   0x132  I64DivMod.o [5]
  .text                  ro code  0x0800a9a6    0x42  xdnorm.o [4]
  .text                  ro code  0x0800a9e8    0x2e  DblCmpLe.o [4]
  .text                  ro code  0x0800aa18    0x2e  DblCmpGe.o [4]
  .text                  ro code  0x0800aa48   0x110  xdscale.o [4]
  .text                  ro code  0x0800ab58     0xe  div.o [3]
  .text                  ro code  0x0800ab68     0x2  I64DivZer.o [5]
  .rodata                const    0x0800ab6c    0xbc  diskio.o [1]
  .text                  ro code  0x0800ac28    0x6c  strncpy_unaligned.o [5]
  .text                  ro code  0x0800ac94    0x6c  iarttio.o [6]
  .text                  ro code  0x0800ad00     0x8  XShttio.o [3]
  .text                  ro code  0x0800ad08    0x44  strcpy_unaligned.o [5]
  .text                  ro code  0x0800ad4c    0x42  strcmp_unaligned.o [5]
  .text                  ro code  0x0800ad90    0x35  puts.o [3]
  .text                  ro code  0x0800adc6    0x10  write.o [6]
  .text                  ro code  0x0800add6    0x1e  dwrite.o [6]
  .text                  ro code  0x0800adf4    0x20  iarwstd.o [6]
  .text                  ro code  0x0800ae14    0x22  iarwrite.o [6]
  .text                  ro code  0x0800ae38    0x34  sprintf.o [3]
  .text                  ro code  0x0800ae6c    0x2c  copy_init3.o [5]
  .text                  ro code  0x0800ae98    0x28  strncat.o [3]
  .text                  ro code  0x0800aec0    0x28  data_init.o [5]
  .text                  ro code  0x0800aee8    0x24  printf.o [3]
  .iar.init_table        const    0x0800af0c    0x2c  - Linker created -
  .text                  ro code  0x0800af38    0x1c  strcat.o [3]
  .text                  ro code  0x0800af54    0x1a  cmain.o [5]
  .text                  ro code  0x0800af6e     0x4  exit.o [3]
  .text                  ro code  0x0800af74    0x16  cexit.o [5]
  .text                  ro code  0x0800af8c    0x14  exit.o [6]
  .text                  ro code  0x0800afa0    0x16  xprout.o [3]
  .text                  ro code  0x0800afb6     0xc  cstartup_M.o [5]
  Initializer bytes      const    0x0800afc4     0x8  <for rw-1>
  CSTACK                 const    0x0800afcc     0x0  diskio.o [1]
  __DLIB_PERTHREAD       const    0x0800afcc     0x0  diskio.o [1]
  __DLIB_PERTHREAD_init  const    0x0800afcc     0x0  diskio.o [1]
  .rodata                const    0x0800afcc     0x0  zero_init3.o [5]
  .rodata                const    0x0800afcc     0x0  copy_init3.o [5]
                                - 0x0800afcc  0x7ee0

"P2":                                           0x1c
  RAM_Block                       0x20004fe4    0x1c  <Block>
    CSTACK                        0x20004fe4     0x0  <Block>
    rw-1                          0x20004fe4     0x8  <Init block>
      .data              inited   0x20004fe4     0x8  XShttio.o [3]
    .bss                 zero     0x20004fec     0x8  diskio.o [1]
    .bss                 zero     0x20004ff4     0x1  diskio.o [1]
    .BottomOfSram        zero     0x20004ff8     0x8  diskio.o [1]
                                - 0x20005000    0x1c


*******************************************************************************
*** INIT TABLE
***

          Address     Size
          -------     ----
Zero (__iar_zero_init3)
    2 destination ranges, total size 0x11:
          0x20004fec   0x9
          0x20004ff8   0x8

Copy (__iar_copy_init3)
    1 source range, total size 0x8:
          0x0800afc4   0x8
    1 destination range, total size 0x8:
          0x20004fe4   0x8



*******************************************************************************
*** MODULE SUMMARY
***

    Module                 ro code  ro data  rw data
    ------                 -------  -------  -------
Z:\Release\Obj: [1]
    cortexm3_macro.o           110
    diskio.o                24 564      424       17
    ------------------------------------------------
    Total:                  24 674      424       17

command line: [2]
    ------------------------------------------------
    Total:

dl7M_tln.a: [3]
    XShttio.o                    8        8        8
    div.o                       14
    exit.o                       4
    printf.o                    36
    puts.o                      53
    sprintf.o                   52
    strcat.o                    28
    strncat.o                   40
    strncmp.o                   42
    xprintffull.o            3 502
    xprout.o                    22
    xsprout.o                   10
    ------------------------------------------------
    Total:                   3 811        8        8

m7M_tl.a: [4]
    DblAdd.o                   232
    DblCmpGe.o                  46
    DblCmpLe.o                  46
    DblDiv.o                   598
    DblMul.o                   418
    DblSub.o                   384
    DblToI32.o                  88
    I32ToDbl.o                  48
    xdnorm.o                    66
    xdscale.o                  272
    ------------------------------------------------
    Total:                   2 198

rt7M_tl.a: [5]
    ABImemclr.o                  6
    ABImemclr4.o                 6
    ABImemcpy_unaligned.o      118
    ABImemset.o                102
    ABImemset48.o               58
    I64DivMod.o                306
    I64DivZer.o                  2
    cexit.o                     22
    cmain.o                     26
    copy_init3.o                44
    cstartup_M.o                12
    data_init.o                 40
    memchr.o                    88
    memcmp_unaligned.o          98
    strchr.o                    22
    strcmp_unaligned.o          66
    strcpy_unaligned.o          68
    strlen.o                    54
    strncpy_unaligned.o        108
    zero_init3.o                34
    ------------------------------------------------
    Total:                   1 280

shb_l.a: [6]
    dwrite.o                    30
    exit.o                      20
    iarttio.o                  108
    iarwrite.o                  34
    iarwstd.o                   32
    write.o                     16
    ------------------------------------------------
    Total:                     240

    Gaps                        33        2        3
    Linker created                       46
----------------------------------------------------
    Grand Total:            32 236      480       28


*******************************************************************************
*** ENTRY LIST
***

Entry                      Address   Size  Type      Object
-----                      -------   ----  ----      ------
.iar.init_table$$Base   0x0800af0c          --   Gb  - Linker created -
.iar.init_table$$Limit  0x0800af38          --   Gb  - Linker created -
?main                   0x0800af55         Code  Gb  cmain.o [5]
ADC_AnalogWatchdogCmd   0x080076b9    0xe  Code  Gb  diskio.o [1]
ADC_AnalogWatchdogSingleChannelConfig
                        0x080076cd    0xc  Code  Gb  diskio.o [1]
ADC_AnalogWatchdogThresholdsConfig
                        0x080076c7    0x6  Code  Gb  diskio.o [1]
ADC_AutoInjectedConvCmd
                        0x080075e9   0x12  Code  Gb  diskio.o [1]
ADC_ClearFlag           0x080076fd    0xa  Code  Gb  diskio.o [1]
ADC_ClearITPendingBit   0x0800771f    0xa  Code  Gb  diskio.o [1]
ADC_Cmd                 0x080074ab   0x12  Code  Gb  diskio.o [1]
ADC_DMACmd              0x080074bd   0x14  Code  Gb  diskio.o [1]
ADC_DeInit              0x0800741b   0x3e  Code  Gb  diskio.o [1]
ADC_DiscModeChannelCountConfig
                        0x08007527   0x12  Code  Gb  diskio.o [1]
ADC_DiscModeCmd         0x08007539   0x12  Code  Gb  diskio.o [1]
ADC_ExternalTrigConvCmd
                        0x080075c9   0x12  Code  Gb  diskio.o [1]
ADC_ExternalTrigInjectedConvCmd
                        0x08007619   0x12  Code  Gb  diskio.o [1]
ADC_ExternalTrigInjectedConvConfig
                        0x0800760d    0xc  Code  Gb  diskio.o [1]
ADC_GetCalibrationStatus
                        0x08007501    0xa  Code  Gb  diskio.o [1]
ADC_GetConversionValue  0x080075db    0x6  Code  Gb  diskio.o [1]
ADC_GetDualModeConversionValue
                        0x080075e1    0x8  Code  Gb  diskio.o [1]
ADC_GetFlagStatus       0x080076ef    0xe  Code  Gb  diskio.o [1]
ADC_GetITStatus         0x08007707   0x18  Code  Gb  diskio.o [1]
ADC_GetInjectedConversionValue
                        0x080076b1    0x8  Code  Gb  diskio.o [1]
ADC_GetResetCalibrationStatus
                        0x080074ed    0xa  Code  Gb  diskio.o [1]
ADC_GetSoftwareStartConvStatus
                        0x0800751d    0xa  Code  Gb  diskio.o [1]
ADC_GetSoftwareStartInjectedConvCmdStatus
                        0x0800763d    0xa  Code  Gb  diskio.o [1]
ADC_ITConfig            0x080074d1   0x12  Code  Gb  diskio.o [1]
ADC_Init                0x08007459   0x40  Code  Gb  diskio.o [1]
ADC_InjectedChannelConfig
                        0x08007647   0x54  Code  Gb  diskio.o [1]
ADC_InjectedDiscModeCmd
                        0x080075fb   0x12  Code  Gb  diskio.o [1]
ADC_InjectedSequencerLengthConfig
                        0x0800769b   0x12  Code  Gb  diskio.o [1]
ADC_RegularChannelConfig
                        0x0800754b   0x7e  Code  Gb  diskio.o [1]
ADC_ResetCalibration    0x080074e3    0xa  Code  Gb  diskio.o [1]
ADC_SetInjectedOffset   0x080076ad    0x4  Code  Gb  diskio.o [1]
ADC_SoftwareStartConvCmd
                        0x0800750b   0x12  Code  Gb  diskio.o [1]
ADC_SoftwareStartInjectedConvCmd
                        0x0800762b   0x12  Code  Gb  diskio.o [1]
ADC_StartCalibration    0x080074f7    0xa  Code  Gb  diskio.o [1]
ADC_StructInit          0x08007499   0x12  Code  Gb  diskio.o [1]
ADC_TempSensorVrefintCmd
                        0x080076d9   0x16  Code  Gb  diskio.o [1]
AdcInit                 0x080053cd  0x208  Code  Gb  diskio.o [1]
CSTACK$$Base            0x20004fe4          --   Gb  - Linker created -
CSTACK$$Limit           0x20004fe4          --   Gb  - Linker created -
Calibration             0x08005df5   0x26  Code  Gb  diskio.o [1]
CheckStartByGSensor     0x08005d89   0x68  Code  Gb  diskio.o [1]
ComputeMeterSpeed       0x080058a3   0xa8  Code  Gb  diskio.o [1]
ComputeMeterTacho       0x0800584f   0x54  Code  Gb  diskio.o [1]
EXTI0_IRQHandler        0x08005779   0x72  Code  Gb  diskio.o [1]
EXTI1_IRQHandler        0x080057f1   0x1e  Code  Gb  diskio.o [1]
EXTI2_IRQHandler        0x0800580f   0x40  Code  Gb  diskio.o [1]
FLASH_HalfCycleAccessCmd
                        0x0800773d   0x14  Code  Gb  diskio.o [1]
FLASH_PrefetchBufferCmd
                        0x08007751   0x14  Code  Gb  diskio.o [1]
FLASH_SetLatency        0x08007729   0x14  Code  Gb  diskio.o [1]
GPIO_AFIODeInit         0x080077fd   0x16  Code  Gb  diskio.o [1]
GPIO_DeInit             0x08007765   0x98  Code  Gb  diskio.o [1]
GPIO_EXTILineConfig     0x08007989   0x26  Code  Gb  diskio.o [1]
GPIO_EventOutputCmd     0x08007949    0x8  Code  Gb  diskio.o [1]
GPIO_EventOutputConfig  0x08007931   0x18  Code  Gb  diskio.o [1]
GPIO_Init               0x08007815   0xbe  Code  Gb  diskio.o [1]
GPIO_PinLockConfig      0x08007921   0x10  Code  Gb  diskio.o [1]
GPIO_PinRemapConfig     0x08007951   0x38  Code  Gb  diskio.o [1]
GPIO_ReadInputData      0x080078f1    0x6  Code  Gb  diskio.o [1]
GPIO_ReadInputDataBit   0x080078e3    0xe  Code  Gb  diskio.o [1]
GPIO_ReadOutputData     0x08007905    0x6  Code  Gb  diskio.o [1]
GPIO_ReadOutputDataBit  0x080078f7    0xe  Code  Gb  diskio.o [1]
GPIO_ResetBits          0x0800790f    0x4  Code  Gb  diskio.o [1]
GPIO_SetBits            0x0800790b    0x4  Code  Gb  diskio.o [1]
GPIO_StructInit         0x080078d3   0x10  Code  Gb  diskio.o [1]
GPIO_Write              0x0800791d    0x4  Code  Gb  diskio.o [1]
GPIO_WriteBit           0x08007913    0xa  Code  Gb  diskio.o [1]
GetCurrentTime          0x08005389   0x1c  Code  Gb  diskio.o [1]
GetHex                  0x080049fd  0x132  Code  Gb  diskio.o [1]
GetcharWait             0x08009059   0x34  Code  Gb  diskio.o [1]
HSEStartUpStatus        0x20004ff4    0x1  Data  Gb  diskio.o [1]
IWDG_Enable             0x080079d3    0xc  Code  Gb  diskio.o [1]
IWDG_GetFlagStatus      0x080079df   0x12  Code  Gb  diskio.o [1]
IWDG_ReloadCounter      0x080079c7    0xc  Code  Gb  diskio.o [1]
IWDG_SetPrescaler       0x080079b7    0x8  Code  Gb  diskio.o [1]
IWDG_SetReload          0x080079bf    0x8  Code  Gb  diskio.o [1]
IWDG_WriteAccessCmd     0x080079af    0x8  Code  Gb  diskio.o [1]
Initialize              0x08005e1d  0x292  Code  Gb  diskio.o [1]
InputSerial             0x08005b61  0x228  Code  Gb  diskio.o [1]
IntHandlerNop           0x08008daf    0x2  Code  Gb  diskio.o [1]
IntHandlerReset         0x08008db1    0x8  Code  Gb  diskio.o [1]
JumpTo                  0x0800927d    0x8  Code  Gb  diskio.o [1]
LoadBin                 0x08005225   0xe2  Code  Gb  diskio.o [1]
LoadBinSub              0x0800519b   0x72  Code  Gb  diskio.o [1]
LoadInt                 0x08009fa9   0x6e  Code  Lc  xprintffull.o [3]
LoadSGetcharWait        0x080048e1  0x116  Code  Gb  diskio.o [1]
LoadSRecord             0x080050b5   0xe6  Code  Gb  diskio.o [1]
LoadSRecordSub          0x08004b31  0x582  Code  Gb  diskio.o [1]
MSD_GetCIDRegister      0x08006e5d  0x1b0  Code  Gb  diskio.o [1]
MSD_GetCSDRegister      0x08006bf9  0x252  Code  Gb  diskio.o [1]
MSD_GetDataResponse     0x0800709f   0x42  Code  Gb  diskio.o [1]
MSD_GetResponse         0x08007105   0x36  Code  Gb  diskio.o [1]
MSD_GetResponse2        0x080070e1   0x24  Code  Gb  diskio.o [1]
MSD_GetStatus           0x0800713b   0x94  Code  Gb  diskio.o [1]
MSD_GoIdleState         0x080071e5  0x20e  Code  Gb  diskio.o [1]
MSD_Init                0x08006551   0xe8  Code  Gb  diskio.o [1]
MSD_ReadBlock           0x080067cd  0x14a  Code  Gb  diskio.o [1]
MSD_ReadBuffer          0x08006aa9  0x142  Code  Gb  diskio.o [1]
MSD_ReadByte            0x08007401   0x1a  Code  Gb  diskio.o [1]
MSD_SendCmd             0x0800703d   0x62  Code  Gb  diskio.o [1]
MSD_WaitRdy             0x0800700d   0x30  Code  Gb  diskio.o [1]
MSD_WriteBlock          0x08006645  0x17e  Code  Gb  diskio.o [1]
MSD_WriteBuffer         0x08006939  0x168  Code  Gb  diskio.o [1]
MSD_WriteByte           0x080073f3    0xe  Code  Gb  diskio.o [1]
NVIC_BASEPRICONFIG      0x08007af3    0x6  Code  Gb  diskio.o [1]
NVIC_ClearIRQChannelPendingBit
                        0x08007b31   0x14  Code  Gb  diskio.o [1]
NVIC_ClearSystemHandlerPendingBit
                        0x08007c5f   0x18  Code  Gb  diskio.o [1]
NVIC_DeInit             0x080079f1   0x22  Code  Gb  diskio.o [1]
NVIC_GenerateCoreReset  0x08007b95    0xc  Code  Gb  diskio.o [1]
NVIC_GenerateSystemReset
                        0x08007b89    0xc  Code  Gb  diskio.o [1]
NVIC_GetBASEPRI         0x08007af9    0x4  Code  Gb  diskio.o [1]
NVIC_GetCPUID           0x08007b71    0x8  Code  Gb  diskio.o [1]
NVIC_GetCurrentActiveHandler
                        0x08007b45    0xc  Code  Gb  diskio.o [1]
NVIC_GetCurrentPendingIRQChannel
                        0x08007afd    0xc  Code  Gb  diskio.o [1]
NVIC_GetFaultAddress    0x08007cc7   0x12  Code  Gb  diskio.o [1]
NVIC_GetFaultHandlerSources
                        0x08007c97   0x30  Code  Gb  diskio.o [1]
NVIC_GetIRQChannelActiveBitStatus
                        0x08007b51   0x20  Code  Gb  diskio.o [1]
NVIC_GetIRQChannelPendingBitStatus
                        0x08007b09   0x20  Code  Gb  diskio.o [1]
NVIC_GetSystemHandlerActiveBitStatus
                        0x08007c77   0x20  Code  Gb  diskio.o [1]
NVIC_GetSystemHandlerPendingBitStatus
                        0x08007c29   0x20  Code  Gb  diskio.o [1]
NVIC_Init               0x08007a4f   0x88  Code  Gb  diskio.o [1]
NVIC_PriorityGroupConfig
                        0x08007a41    0xe  Code  Gb  diskio.o [1]
NVIC_RESETFAULTMASK     0x08007aef    0x4  Code  Gb  diskio.o [1]
NVIC_RESETPRIMASK       0x08007ae7    0x4  Code  Gb  diskio.o [1]
NVIC_SCBDeInit          0x08007a13   0x2e  Code  Gb  diskio.o [1]
NVIC_SETFAULTMASK       0x08007aeb    0x4  Code  Gb  diskio.o [1]
NVIC_SETPRIMASK         0x08007ae3    0x4  Code  Gb  diskio.o [1]
NVIC_SetIRQChannelPendingBit
                        0x08007b29    0x8  Code  Gb  diskio.o [1]
NVIC_SetSystemHandlerPendingBit
                        0x08007c49   0x16  Code  Gb  diskio.o [1]
NVIC_SetVectorTable     0x08007b79   0x10  Code  Gb  diskio.o [1]
NVIC_StructInit         0x08007ad7    0xc  Code  Gb  diskio.o [1]
NVIC_SystemHandlerConfig
                        0x08007bb5   0x1e  Code  Gb  diskio.o [1]
NVIC_SystemHandlerPriorityConfig
                        0x08007bd3   0x56  Code  Gb  diskio.o [1]
NVIC_SystemLPConfig     0x08007ba1   0x14  Code  Gb  diskio.o [1]
OutputSerial            0x08005ab5   0xac  Code  Gb  diskio.o [1]
PulseInit               0x080055e9  0x190  Code  Gb  diskio.o [1]
RAM_Block$$Base         0x20004fe4          --   Gb  - Linker created -
RAM_Block$$Limit        0x20005000          --   Gb  - Linker created -
RCC_ADCCLKConfig        0x08007e31   0x10  Code  Gb  diskio.o [1]
RCC_AHBPeriphClockCmd   0x08007f05   0x14  Code  Gb  diskio.o [1]
RCC_APB1PeriphClockCmd  0x08007f2d   0x14  Code  Gb  diskio.o [1]
RCC_APB1PeriphResetCmd  0x08007f53   0x14  Code  Gb  diskio.o [1]
RCC_APB2PeriphClockCmd  0x08007f19   0x14  Code  Gb  diskio.o [1]
RCC_APB2PeriphResetCmd  0x08007f41   0x12  Code  Gb  diskio.o [1]
RCC_AdjustHSICalibrationValue
                        0x08007d8f   0x12  Code  Gb  diskio.o [1]
RCC_BackupResetCmd      0x08007f67    0x8  Code  Gb  diskio.o [1]
RCC_ClearFlag           0x08007fa1    0xc  Code  Gb  diskio.o [1]
RCC_ClearITPendingBit   0x08007fbd    0x6  Code  Gb  diskio.o [1]
RCC_ClockSecuritySystemCmd
                        0x08007f6f    0x8  Code  Gb  diskio.o [1]
RCC_DeInit              0x08007cd9   0x46  Code  Gb  diskio.o [1]
RCC_GetClocksFreq       0x08007e79   0x88  Code  Gb  diskio.o [1]
RCC_GetFlagStatus       0x08007f7d   0x24  Code  Gb  diskio.o [1]
RCC_GetITStatus         0x08007fad   0x10  Code  Gb  diskio.o [1]
RCC_GetSYSCLKSource     0x08007dd3    0xc  Code  Gb  diskio.o [1]
RCC_HCLKConfig          0x08007ddf   0x10  Code  Gb  diskio.o [1]
RCC_HSEConfig           0x08007d1f   0x36  Code  Gb  diskio.o [1]
RCC_HSICmd              0x08007da1    0x8  Code  Gb  diskio.o [1]
RCC_ITConfig            0x08007e15   0x14  Code  Gb  diskio.o [1]
RCC_LSEConfig           0x08007e41   0x18  Code  Gb  diskio.o [1]
RCC_LSICmd              0x08007e59    0x8  Code  Gb  diskio.o [1]
RCC_MCOConfig           0x08007f77    0x6  Code  Gb  diskio.o [1]
RCC_PCLK1Config         0x08007def   0x10  Code  Gb  diskio.o [1]
RCC_PCLK2Config         0x08007dff   0x12  Code  Gb  diskio.o [1]
RCC_PLLCmd              0x08007dbb    0x8  Code  Gb  diskio.o [1]
RCC_PLLConfig           0x08007da9   0x12  Code  Gb  diskio.o [1]
RCC_RTCCLKCmd           0x08007e6d    0x8  Code  Gb  diskio.o [1]
RCC_RTCCLKConfig        0x08007e61    0xc  Code  Gb  diskio.o [1]
RCC_SYSCLKConfig        0x08007dc3   0x10  Code  Gb  diskio.o [1]
RCC_USBCLKConfig        0x08007e29    0x8  Code  Gb  diskio.o [1]
RCC_WaitForHSEStartUp   0x08007d55   0x3a  Code  Gb  diskio.o [1]
Region$$Table$$Base     0x0800af0c          --   Gb  - Linker created -
Region$$Table$$Limit    0x0800af38          --   Gb  - Linker created -
SPI_BiDirectionalLineConfig
                        0x08008115   0x16  Code  Gb  diskio.o [1]
SPI_CalculateCRC        0x080080f1   0x14  Code  Gb  diskio.o [1]
SPI_ClearFlag           0x08008139   0x22  Code  Gb  diskio.o [1]
SPI_ClearITPendingBit   0x08008181   0x2c  Code  Gb  diskio.o [1]
SPI_Cmd                 0x08008067   0x14  Code  Gb  diskio.o [1]
SPI_DMACmd              0x08008095   0x10  Code  Gb  diskio.o [1]
SPI_DataSizeConfig      0x080080d5   0x12  Code  Gb  diskio.o [1]
SPI_DeInit              0x08007fc9   0x38  Code  Gb  diskio.o [1]
SPI_GetCRC              0x08008105    0xc  Code  Gb  diskio.o [1]
SPI_GetCRCPolynomial    0x08008111    0x4  Code  Gb  diskio.o [1]
SPI_GetFlagStatus       0x0800812b    0xe  Code  Gb  diskio.o [1]
SPI_GetITStatus         0x0800815b   0x26  Code  Gb  diskio.o [1]
SPI_ITConfig            0x0800807b   0x1a  Code  Gb  diskio.o [1]
SPI_Init                0x08008021   0x2e  Code  Gb  diskio.o [1]
SPI_NSSInternalSoftwareConfig
                        0x080080ad   0x14  Code  Gb  diskio.o [1]
SPI_ReceiveData         0x080080a9    0x4  Code  Gb  diskio.o [1]
SPI_SSOutputCmd         0x080080c1   0x14  Code  Gb  diskio.o [1]
SPI_SendData            0x080080a5    0x4  Code  Gb  diskio.o [1]
SPI_StructInit          0x0800804f   0x18  Code  Gb  diskio.o [1]
SPI_TransmitCRC         0x080080e7    0xa  Code  Gb  diskio.o [1]
SdcInit                 0x0800594d   0x46  Code  Gb  diskio.o [1]
SerialPack              0x080059ad  0x104  Code  Gb  diskio.o [1]
Set_System              0x0800471d  0x1c2  Code  Gb  diskio.o [1]
TIM_ARRPreloadConfig    0x080086a7   0x14  Code  Gb  diskio.o [1]
TIM_ClearFlag           0x080088ef    0xa  Code  Gb  diskio.o [1]
TIM_ClearITPendingBit   0x0800890d    0xa  Code  Gb  diskio.o [1]
TIM_ClearOC1Ref         0x08008745    0xe  Code  Gb  diskio.o [1]
TIM_ClearOC2Ref         0x08008753    0xe  Code  Gb  diskio.o [1]
TIM_ClearOC3Ref         0x08008761    0xe  Code  Gb  diskio.o [1]
TIM_ClearOC4Ref         0x0800876f    0xe  Code  Gb  diskio.o [1]
TIM_Cmd                 0x080084ef   0x14  Code  Gb  diskio.o [1]
TIM_CounterModeConfig   0x0800865d    0xe  Code  Gb  diskio.o [1]
TIM_DMACmd              0x0800851f   0x10  Code  Gb  diskio.o [1]
TIM_DMAConfig           0x08008513    0xc  Code  Gb  diskio.o [1]
TIM_DeInit              0x080081ad   0x5a  Code  Gb  diskio.o [1]
TIM_ETRClockMode1Config
                        0x080085cd   0x3a  Code  Gb  diskio.o [1]
TIM_ETRClockMode2Config
                        0x08008607   0x1e  Code  Gb  diskio.o [1]
TIM_ETRConfig           0x08008625   0x16  Code  Gb  diskio.o [1]
TIM_EncoderInterfaceConfig
                        0x08008791   0x32  Code  Gb  diskio.o [1]
TIM_ForcedOC1Config     0x0800866b    0xe  Code  Gb  diskio.o [1]
TIM_ForcedOC2Config     0x08008679   0x10  Code  Gb  diskio.o [1]
TIM_ForcedOC3Config     0x08008689    0xe  Code  Gb  diskio.o [1]
TIM_ForcedOC4Config     0x08008697   0x10  Code  Gb  diskio.o [1]
TIM_GenerateEvent       0x080087c3    0x8  Code  Gb  diskio.o [1]
TIM_GetCapture1         0x080088c7    0x4  Code  Gb  diskio.o [1]
TIM_GetCapture2         0x080088cb    0x4  Code  Gb  diskio.o [1]
TIM_GetCapture3         0x080088cf    0x4  Code  Gb  diskio.o [1]
TIM_GetCapture4         0x080088d3    0x6  Code  Gb  diskio.o [1]
TIM_GetCounter          0x080088d9    0x4  Code  Gb  diskio.o [1]
TIM_GetFlagStatus       0x080088e1    0xe  Code  Gb  diskio.o [1]
TIM_GetITStatus         0x080088f9   0x14  Code  Gb  diskio.o [1]
TIM_GetPrescaler        0x080088dd    0x4  Code  Gb  diskio.o [1]
TIM_ICInit              0x0800839d  0x124  Code  Gb  diskio.o [1]
TIM_ICStructInit        0x080084d9   0x16  Code  Gb  diskio.o [1]
TIM_ITConfig            0x08008503   0x10  Code  Gb  diskio.o [1]
TIM_ITRxExternalClockConfig
                        0x0800853b   0x16  Code  Gb  diskio.o [1]
TIM_InternalClockConfig
                        0x0800852f    0xc  Code  Gb  diskio.o [1]
TIM_OC1FastConfig       0x08008709    0xe  Code  Gb  diskio.o [1]
TIM_OC1PolarityConfig   0x080087cb    0xe  Code  Gb  diskio.o [1]
TIM_OC1PreloadConfig    0x080086cd    0xe  Code  Gb  diskio.o [1]
TIM_OC2FastConfig       0x08008717   0x10  Code  Gb  diskio.o [1]
TIM_OC2PolarityConfig   0x080087d9   0x10  Code  Gb  diskio.o [1]
TIM_OC2PreloadConfig    0x080086db   0x10  Code  Gb  diskio.o [1]
TIM_OC3FastConfig       0x08008727    0xe  Code  Gb  diskio.o [1]
TIM_OC3PolarityConfig   0x080087e9   0x10  Code  Gb  diskio.o [1]
TIM_OC3PreloadConfig    0x080086eb    0xe  Code  Gb  diskio.o [1]
TIM_OC4FastConfig       0x08008735   0x10  Code  Gb  diskio.o [1]
TIM_OC4PolarityConfig   0x080087f9   0x10  Code  Gb  diskio.o [1]
TIM_OC4PreloadConfig    0x080086f9   0x10  Code  Gb  diskio.o [1]
TIM_OCInit              0x080082bb   0xd2  Code  Gb  diskio.o [1]
TIM_OCStructInit        0x080084cd    0xc  Code  Gb  diskio.o [1]
TIM_PrescalerConfig     0x08008649   0x14  Code  Gb  diskio.o [1]
TIM_SelectCCDMA         0x080086bb   0x12  Code  Gb  diskio.o [1]
TIM_SelectHallSensor    0x0800881d   0x14  Code  Gb  diskio.o [1]
TIM_SelectInputTrigger  0x0800863b    0xe  Code  Gb  diskio.o [1]
TIM_SelectMasterSlaveMode
                        0x08008859    0xe  Code  Gb  diskio.o [1]
TIM_SelectOnePulseMode  0x08008831    0xe  Code  Gb  diskio.o [1]
TIM_SelectOutputTrigger
                        0x0800883f    0xc  Code  Gb  diskio.o [1]
TIM_SelectSlaveMode     0x0800884b    0xe  Code  Gb  diskio.o [1]
TIM_SetAutoreload       0x0800886b    0x4  Code  Gb  diskio.o [1]
TIM_SetClockDivision    0x080088bd    0xa  Code  Gb  diskio.o [1]
TIM_SetCompare1         0x0800886f    0x4  Code  Gb  diskio.o [1]
TIM_SetCompare2         0x08008873    0x4  Code  Gb  diskio.o [1]
TIM_SetCompare3         0x08008877    0x4  Code  Gb  diskio.o [1]
TIM_SetCompare4         0x0800887b    0x6  Code  Gb  diskio.o [1]
TIM_SetCounter          0x08008867    0x4  Code  Gb  diskio.o [1]
TIM_SetIC1Prescaler     0x08008881    0xe  Code  Gb  diskio.o [1]
TIM_SetIC2Prescaler     0x0800888f   0x10  Code  Gb  diskio.o [1]
TIM_SetIC3Prescaler     0x0800889f    0xe  Code  Gb  diskio.o [1]
TIM_SetIC4Prescaler     0x080088ad   0x10  Code  Gb  diskio.o [1]
TIM_TIxExternalClockConfig
                        0x08008551   0x7c  Code  Gb  diskio.o [1]
TIM_TimeBaseInit        0x0800829d   0x1e  Code  Gb  diskio.o [1]
TIM_TimeBaseStructInit  0x080084c1    0xc  Code  Gb  diskio.o [1]
TIM_UpdateDisableConfig
                        0x0800877d   0x14  Code  Gb  diskio.o [1]
TIM_UpdateRequestConfig
                        0x08008809   0x14  Code  Gb  diskio.o [1]
TimerInit               0x08005321   0x64  Code  Gb  diskio.o [1]
USART1_IRQHandler       0x08008ed7   0x54  Code  Gb  diskio.o [1]
USART_ClearFlag         0x08008d55    0xa  Code  Gb  diskio.o [1]
USART_ClearITPendingBit
                        0x08008d9d   0x12  Code  Gb  diskio.o [1]
USART_Cmd               0x08008bf9   0x14  Code  Gb  diskio.o [1]
USART_DMACmd            0x08008c3d   0x10  Code  Gb  diskio.o [1]
USART_DeInit            0x08008a65   0x58  Code  Gb  diskio.o [1]
USART_GetFlagStatus     0x08008d47    0xe  Code  Gb  diskio.o [1]
USART_GetITStatus       0x08008d5f   0x3e  Code  Gb  diskio.o [1]
USART_HalfDuplexCmd     0x08008d0d   0x14  Code  Gb  diskio.o [1]
USART_ITConfig          0x08008c0d   0x30  Code  Gb  diskio.o [1]
USART_Init              0x08008acd   0xd8  Code  Gb  diskio.o [1]
USART_IrDACmd           0x08008d33   0x14  Code  Gb  diskio.o [1]
USART_IrDAConfig        0x08008d21   0x12  Code  Gb  diskio.o [1]
USART_LINBreakDetectLengthConfig
                        0x08008c85   0x12  Code  Gb  diskio.o [1]
USART_LINCmd            0x08008c97   0x14  Code  Gb  diskio.o [1]
USART_ReceiveData       0x08008cb3    0x8  Code  Gb  diskio.o [1]
USART_ReceiverWakeUpCmd
                        0x08008c71   0x14  Code  Gb  diskio.o [1]
USART_SendBreak         0x08008cbb    0xa  Code  Gb  diskio.o [1]
USART_SendData          0x08008cab    0x8  Code  Gb  diskio.o [1]
USART_SetAddress        0x08008c4d   0x12  Code  Gb  diskio.o [1]
USART_SetGuardTime      0x08008cc5   0x10  Code  Gb  diskio.o [1]
USART_SetPrescaler      0x08008cd5   0x10  Code  Gb  diskio.o [1]
USART_SmartCardCmd      0x08008ce5   0x14  Code  Gb  diskio.o [1]
USART_SmartCardNACKCmd  0x08008cf9   0x14  Code  Gb  diskio.o [1]
USART_StructInit        0x08008bd9   0x20  Code  Gb  diskio.o [1]
USART_WakeUpConfig      0x08008c5f   0x12  Code  Gb  diskio.o [1]
UsartGetcharBuffered    0x08008fc1   0x22  Code  Gb  diskio.o [1]
UsartGetcharUnbuffered  0x08008fab   0x16  Code  Gb  diskio.o [1]
UsartGetcharWaitBuffered
                        0x08009037   0x22  Code  Gb  diskio.o [1]
UsartGetcharWaitUnbuffered
                        0x08009021   0x16  Code  Gb  diskio.o [1]
UsartInit               0x08008dcd  0x10a  Code  Gb  diskio.o [1]
UsartPutcharBuffered    0x08008f3b   0x2c  Code  Gb  diskio.o [1]
UsartPutcharUnbuffered  0x08008f2b   0x10  Code  Gb  diskio.o [1]
UsartPutstrUnbuffered   0x0800908d   0x16  Code  Gb  diskio.o [1]
WaitStateChange         0x080060bd   0xae  Code  Gb  diskio.o [1]
WdtInitSub              0x08005993   0x1a  Code  Gb  diskio.o [1]
_GenldFull              0x0800a51f  0x264  Code  Lc  xprintffull.o [3]
_LdtobFull              0x0800a11d  0x3fc  Code  Lc  xprintffull.o [3]
_LitobFull              0x0800a017  0x106  Code  Lc  xprintffull.o [3]
_PrintfFull             0x08009a1d  0x586  Code  Gb  xprintffull.o [3]
_Prout                  0x0800afa1   0x16  Code  Gb  xprout.o [3]
_PutcharsFull           0x0800a783   0x2e  Code  Lc  xprintffull.o [3]
_SProut                 0x080091f3    0xa  Code  Gb  xsprout.o [3]
__BASEPRICONFIG         0x0800984b         Code  Gb  cortexm3_macro.o [1]
__DMB                   0x08009809         Code  Gb  cortexm3_macro.o [1]
__DSB                   0x08009803         Code  Gb  cortexm3_macro.o [1]
__GetBASEPRI            0x08009851         Code  Gb  cortexm3_macro.o [1]
__ISB                   0x080097fd         Code  Gb  cortexm3_macro.o [1]
__MRS_CONTROL           0x08009813         Code  Gb  cortexm3_macro.o [1]
__MRS_MSP               0x0800982f         Code  Gb  cortexm3_macro.o [1]
__MRS_PSP               0x08009823         Code  Gb  cortexm3_macro.o [1]
__MSR_CONTROL           0x08009819         Code  Gb  cortexm3_macro.o [1]
__MSR_MSP               0x08009835         Code  Gb  cortexm3_macro.o [1]
__MSR_PSP               0x08009829         Code  Gb  cortexm3_macro.o [1]
__RESETFAULTMASK        0x08009847         Code  Gb  cortexm3_macro.o [1]
__RESETPRIMASK          0x0800983f         Code  Gb  cortexm3_macro.o [1]
__REV_HalfWord          0x08009857         Code  Gb  cortexm3_macro.o [1]
__REV_Word              0x0800985b         Code  Gb  cortexm3_macro.o [1]
__SETFAULTMASK          0x08009843         Code  Gb  cortexm3_macro.o [1]
__SETPRIMASK            0x0800983b         Code  Gb  cortexm3_macro.o [1]
__SEV                   0x080097f9         Code  Gb  cortexm3_macro.o [1]
__SVC                   0x0800980f         Code  Gb  cortexm3_macro.o [1]
__WFE                   0x080097f5         Code  Gb  cortexm3_macro.o [1]
__WFI                   0x080097f1         Code  Gb  cortexm3_macro.o [1]
__aeabi_cdcmple         0x0800a9e9         Code  Gb  DblCmpLe.o [4]
__aeabi_cdrcmple        0x0800aa19         Code  Gb  DblCmpGe.o [4]
__aeabi_d2iz            0x0800950d         Code  Gb  DblToI32.o [4]
__aeabi_d2uiz           0x08009539         Code  Gb  DblToI32.o [4]
__aeabi_dadd            0x08009709         Code  Gb  DblAdd.o [4]
__aeabi_ddiv            0x080092b5         Code  Gb  DblDiv.o [4]
__aeabi_dmul            0x08009565         Code  Gb  DblMul.o [4]
__aeabi_dsub            0x0800989d         Code  Gb  DblSub.o [4]
__aeabi_i2d             0x08009285         Code  Gb  I32ToDbl.o [4]
__aeabi_ldiv0           0x0800ab69         Code  Gb  I64DivZer.o [5]
__aeabi_ldivmod         0x0800a875         Code  Gb  I64DivMod.o [5]
__aeabi_memclr          0x080091ed         Code  Gb  ABImemclr.o [5]
__aeabi_memclr4         0x080091fd         Code  Gb  ABImemclr4.o [5]
__aeabi_memset          0x080090d9         Code  Gb  ABImemset.o [5]
__aeabi_memset4         0x08009861         Code  Gb  ABImemset48.o [5]
__aeabi_memset8         0x08009861         Code  Gb  ABImemset48.o [5]
__aeabi_ui2d            0x08009299         Code  Gb  I32ToDbl.o [4]
__aeabi_uldivmod        0x0800a8b9         Code  Gb  I64DivMod.o [5]
__cexit_call_dtors      0x0800af77         Code  Gb  cexit.o [5]
__cexit_clearlocks      0x0800af7f         Code  Gb  cexit.o [5]
__cexit_closeall        0x0800af7b         Code  Gb  cexit.o [5]
__cmain                 0x0800af55         Code  Gb  cmain.o [5]
__dwrite                0x0800add7   0x1e  Code  Gb  dwrite.o [6]
__exit                  0x0800af8d   0x14  Code  Gb  exit.o [6]
__iar_Dnorm             0x0800a9a7   0x42  Code  Gb  xdnorm.o [4]
__iar_Dscale            0x0800aa49  0x110  Code  Gb  xdscale.o [4]
__iar_Memchr            0x0800a81d         Code  Gb  memchr.o [5]
__iar_Memset            0x080090d9         Code  Gb  ABImemset.o [5]
__iar_Memset4_word      0x08009869         Code  Gb  ABImemset48.o [5]
__iar_Memset8_word      0x08009869         Code  Gb  ABImemset48.o [5]
__iar_Memset_word       0x080090e1         Code  Gb  ABImemset.o [5]
__iar_Strchr            0x0800a7cd         Code  Gb  strchr.o [5]
__iar_close_ttio        0x0800ac95   0x2e  Code  Gb  iarttio.o [6]
__iar_copy_init3        0x0800ae6d   0x2c  Code  Gb  copy_init3.o [5]
__iar_d2uiz             0x08009545         Code  Gb  DblToI32.o [4]
__iar_dadd              0x0800971d         Code  Gb  DblAdd.o [4]
__iar_data_init3        0x0800aec1   0x28  Code  Gb  data_init.o [5]
__iar_dsub              0x080098b1         Code  Gb  DblSub.o [4]
__iar_dsubStart         0x080098c3         Code  Gb  DblSub.o [4]
__iar_get_ttio          0x0800acc5   0x38  Code  Gb  iarttio.o [6]
__iar_lookup_ttioh      0x0800ad01    0x8  Code  Gb  XShttio.o [3]
__iar_program_start     0x0800afb7         Code  Gb  cstartup_M.o [5]
__iar_sh_stdout         0x0800adf5   0x20  Code  Gb  iarwstd.o [6]
__iar_sh_write          0x0800ae15   0x22  Code  Gb  iarwrite.o [6]
__iar_strcmp            0x0800ad4d         Code  Gb  strcmp_unaligned.o [5]
__iar_ttio_handles      0x20004fe4    0x8  Data  Lc  XShttio.o [3]
__iar_ui2d              0x0800929d         Code  Gb  I32ToDbl.o [4]
__iar_unaligned___aeabi_memcpy
                        0x08009205         Code  Gb  ABImemcpy_unaligned.o [5]
__iar_unaligned___aeabi_memcpy4
                        0x08009225         Code  Gb  ABImemcpy_unaligned.o [5]
__iar_unaligned___aeabi_memcpy8
                        0x08009225         Code  Gb  ABImemcpy_unaligned.o [5]
__iar_unaligned_memcmp  0x08009169         Code  Gb  memcmp_unaligned.o [5]
__iar_unaligned_strcmp  0x0800ad4d         Code  Gb  strcmp_unaligned.o [5]
__iar_unaligned_strcpy  0x0800ad09         Code  Gb  strcpy_unaligned.o [5]
__iar_unaligned_strncpy
                        0x0800ac29         Code  Gb  strncpy_unaligned.o [5]
__iar_zero_init3        0x080091cb   0x22  Code  Gb  zero_init3.o [5]
__vector_table          0x08003000   0xec  Data  Gb  diskio.o [1]
__write                 0x0800adc7   0x10  Code  Gb  write.o [6]
_call_main              0x0800af61         Code  Gb  cmain.o [5]
_exit                   0x0800af75         Code  Gb  cexit.o [5]
_main                   0x0800af6b         Code  Gb  cmain.o [5]
disk_initialize         0x080030ed    0x4  Code  Gb  diskio.o [1]
disk_ioctl              0x08003121   0x4c  Code  Gb  diskio.o [1]
disk_read               0x080030f5   0x16  Code  Gb  diskio.o [1]
disk_status             0x080030f1    0x4  Code  Gb  diskio.o [1]
disk_write              0x0800310b   0x16  Code  Gb  diskio.o [1]
div                     0x0800ab59    0xe  Code  Gb  div.o [3]
exit                    0x0800af6f    0x4  Code  Gb  exit.o [3]
f_close                 0x0800470b   0x10  Code  Gb  diskio.o [1]
f_mount                 0x08003e85   0x22  Code  Gb  diskio.o [1]
f_open                  0x08003ead  0x306  Code  Gb  diskio.o [1]
f_read                  0x080041b3  0x152  Code  Gb  diskio.o [1]
f_sync                  0x080045af  0x15c  Code  Gb  diskio.o [1]
f_write                 0x08004305  0x2aa  Code  Gb  diskio.o [1]
g_pUsartBuf             0x20004ffc    0x4  Data  Gb  diskio.o [1]
g_pVsd                  0x20004ff8    0x4  Data  Gb  diskio.o [1]
get_fattime             0x0800316d    0x4  Code  Gb  diskio.o [1]
getchar                 0x08008fe9   0x34  Code  Gb  diskio.o [1]
main                    0x08006191  0x3a4  Code  Gb  diskio.o [1]
memchr                  0x0800a81d         Code  Gb  memchr.o [5]
printf                  0x0800aee9   0x24  Code  Gb  printf.o [3]
putchar                 0x08008f69   0x42  Code  Gb  diskio.o [1]
puts                    0x0800ad91   0x34  Code  Gb  puts.o [3]
sprintf                 0x0800ae39   0x34  Code  Gb  sprintf.o [3]
strcat                  0x0800af39   0x1c  Code  Gb  strcat.o [3]
strchr                  0x0800a7cd         Code  Gb  strchr.o [5]
strlen                  0x0800a7e5         Code  Gb  strlen.o [5]
strncat                 0x0800ae99   0x28  Code  Gb  strncat.o [3]
strncmp                 0x0800913f   0x2a  Code  Gb  strncmp.o [3]


[1] = Z:\Release\Obj
[2] = command line
[3] = dl7M_tln.a
[4] = m7M_tl.a
[5] = rt7M_tl.a
[6] = shb_l.a

  32 236 bytes of readonly  code memory
     480 bytes of readonly  data memory
      28 bytes of readwrite data memory

Errors: none
Warnings: none
